Archive member included to satisfy reference by file (symbol)

C:/ST/STM32CubeIDE_1.17.0/STM32CubeIDE/plugins/com.st.stm32cube.ide.mcu.externaltools.gnu-tools-for-stm32.13.3.rel1.win32_1.0.0.202411081344/tools/bin/../lib/gcc/arm-none-eabi/13.3.1/../../../../arm-none-eabi/lib/thumb/v7e-m+fp/hard\libc_nano.a(libc_a-atof.o)
                              ./Source/CMDLine/command.o (atof)
C:/ST/STM32CubeIDE_1.17.0/STM32CubeIDE/plugins/com.st.stm32cube.ide.mcu.externaltools.gnu-tools-for-stm32.13.3.rel1.win32_1.0.0.202411081344/tools/bin/../lib/gcc/arm-none-eabi/13.3.1/../../../../arm-none-eabi/lib/thumb/v7e-m+fp/hard\libc_nano.a(libc_a-atoi.o)
                              ./Source/CMDLine/command.o (atoi)
C:/ST/STM32CubeIDE_1.17.0/STM32CubeIDE/plugins/com.st.stm32cube.ide.mcu.externaltools.gnu-tools-for-stm32.13.3.rel1.win32_1.0.0.202411081344/tools/bin/../lib/gcc/arm-none-eabi/13.3.1/../../../../arm-none-eabi/lib/thumb/v7e-m+fp/hard\libc_nano.a(libc_a-exit.o)
                              C:/ST/STM32CubeIDE_1.17.0/STM32CubeIDE/plugins/com.st.stm32cube.ide.mcu.externaltools.gnu-tools-for-stm32.13.3.rel1.win32_1.0.0.202411081344/tools/bin/../lib/gcc/arm-none-eabi/13.3.1/../../../../arm-none-eabi/lib/thumb/v7e-m+fp/hard/crt0.o (exit)
C:/ST/STM32CubeIDE_1.17.0/STM32CubeIDE/plugins/com.st.stm32cube.ide.mcu.externaltools.gnu-tools-for-stm32.13.3.rel1.win32_1.0.0.202411081344/tools/bin/../lib/gcc/arm-none-eabi/13.3.1/../../../../arm-none-eabi/lib/thumb/v7e-m+fp/hard\libc_nano.a(libc_a-strtod.o)
                              C:/ST/STM32CubeIDE_1.17.0/STM32CubeIDE/plugins/com.st.stm32cube.ide.mcu.externaltools.gnu-tools-for-stm32.13.3.rel1.win32_1.0.0.202411081344/tools/bin/../lib/gcc/arm-none-eabi/13.3.1/../../../../arm-none-eabi/lib/thumb/v7e-m+fp/hard\libc_nano.a(libc_a-atof.o) (strtod)
C:/ST/STM32CubeIDE_1.17.0/STM32CubeIDE/plugins/com.st.stm32cube.ide.mcu.externaltools.gnu-tools-for-stm32.13.3.rel1.win32_1.0.0.202411081344/tools/bin/../lib/gcc/arm-none-eabi/13.3.1/../../../../arm-none-eabi/lib/thumb/v7e-m+fp/hard\libc_nano.a(libc_a-strtol.o)
                              C:/ST/STM32CubeIDE_1.17.0/STM32CubeIDE/plugins/com.st.stm32cube.ide.mcu.externaltools.gnu-tools-for-stm32.13.3.rel1.win32_1.0.0.202411081344/tools/bin/../lib/gcc/arm-none-eabi/13.3.1/../../../../arm-none-eabi/lib/thumb/v7e-m+fp/hard\libc_nano.a(libc_a-atoi.o) (_strtol_r)
C:/ST/STM32CubeIDE_1.17.0/STM32CubeIDE/plugins/com.st.stm32cube.ide.mcu.externaltools.gnu-tools-for-stm32.13.3.rel1.win32_1.0.0.202411081344/tools/bin/../lib/gcc/arm-none-eabi/13.3.1/../../../../arm-none-eabi/lib/thumb/v7e-m+fp/hard\libc_nano.a(libc_a-ctype_.o)
                              C:/ST/STM32CubeIDE_1.17.0/STM32CubeIDE/plugins/com.st.stm32cube.ide.mcu.externaltools.gnu-tools-for-stm32.13.3.rel1.win32_1.0.0.202411081344/tools/bin/../lib/gcc/arm-none-eabi/13.3.1/../../../../arm-none-eabi/lib/thumb/v7e-m+fp/hard\libc_nano.a(libc_a-strtol.o) (_ctype_)
C:/ST/STM32CubeIDE_1.17.0/STM32CubeIDE/plugins/com.st.stm32cube.ide.mcu.externaltools.gnu-tools-for-stm32.13.3.rel1.win32_1.0.0.202411081344/tools/bin/../lib/gcc/arm-none-eabi/13.3.1/../../../../arm-none-eabi/lib/thumb/v7e-m+fp/hard\libc_nano.a(libc_a-findfp.o)
                              C:/ST/STM32CubeIDE_1.17.0/STM32CubeIDE/plugins/com.st.stm32cube.ide.mcu.externaltools.gnu-tools-for-stm32.13.3.rel1.win32_1.0.0.202411081344/tools/bin/../lib/gcc/arm-none-eabi/13.3.1/../../../../arm-none-eabi/lib/thumb/v7e-m+fp/hard\libc_nano.a(libc_a-exit.o) (__stdio_exit_handler)
C:/ST/STM32CubeIDE_1.17.0/STM32CubeIDE/plugins/com.st.stm32cube.ide.mcu.externaltools.gnu-tools-for-stm32.13.3.rel1.win32_1.0.0.202411081344/tools/bin/../lib/gcc/arm-none-eabi/13.3.1/../../../../arm-none-eabi/lib/thumb/v7e-m+fp/hard\libc_nano.a(libc_a-fwalk.o)
                              C:/ST/STM32CubeIDE_1.17.0/STM32CubeIDE/plugins/com.st.stm32cube.ide.mcu.externaltools.gnu-tools-for-stm32.13.3.rel1.win32_1.0.0.202411081344/tools/bin/../lib/gcc/arm-none-eabi/13.3.1/../../../../arm-none-eabi/lib/thumb/v7e-m+fp/hard\libc_nano.a(libc_a-findfp.o) (_fwalk_sglue)
C:/ST/STM32CubeIDE_1.17.0/STM32CubeIDE/plugins/com.st.stm32cube.ide.mcu.externaltools.gnu-tools-for-stm32.13.3.rel1.win32_1.0.0.202411081344/tools/bin/../lib/gcc/arm-none-eabi/13.3.1/../../../../arm-none-eabi/lib/thumb/v7e-m+fp/hard\libc_nano.a(libc_a-stdio.o)
                              C:/ST/STM32CubeIDE_1.17.0/STM32CubeIDE/plugins/com.st.stm32cube.ide.mcu.externaltools.gnu-tools-for-stm32.13.3.rel1.win32_1.0.0.202411081344/tools/bin/../lib/gcc/arm-none-eabi/13.3.1/../../../../arm-none-eabi/lib/thumb/v7e-m+fp/hard\libc_nano.a(libc_a-findfp.o) (__sread)
C:/ST/STM32CubeIDE_1.17.0/STM32CubeIDE/plugins/com.st.stm32cube.ide.mcu.externaltools.gnu-tools-for-stm32.13.3.rel1.win32_1.0.0.202411081344/tools/bin/../lib/gcc/arm-none-eabi/13.3.1/../../../../arm-none-eabi/lib/thumb/v7e-m+fp/hard\libc_nano.a(libc_a-memset.o)
[...]
Memory Configuration

Name             Origin             Length             Attributes
CCMRAM           0x10000000         0x00010000         xrw
RAM              0x20000000         0x00020000         xrw
FLASH            0x08000000         0x00100000         xr
*default*        0x00000000         0xffffffff

Linker script and memory map

LOAD C:/ST/STM32CubeIDE_1.17.0/STM32CubeIDE/plugins/com.st.stm32cube.ide.mcu.externaltools.gnu-tools-for-stm32.13.3.rel1.win32_1.0.0.202411081344/tools/bin/../lib/gcc/arm-none-eabi/13.3.1/thumb/v7e-m+fp/hard/crti.o
LOAD C:/ST/STM32CubeIDE_1.17.0/STM32CubeIDE/plugins/com.st.stm32cube.ide.mcu.externaltools.gnu-tools-for-stm32.13.3.rel1.win32_1.0.0.202411081344/tools/bin/../lib/gcc/arm-none-eabi/13.3.1/thumb/v7e-m+fp/hard/crtbegin.o
LOAD C:/ST/STM32CubeIDE_1.17.0/STM32CubeIDE/plugins/com.st.stm32cube.ide.mcu.externaltools.gnu-tools-for-stm32.13.3.rel1.win32_1.0.0.202411081344/tools/bin/../lib/gcc/arm-none-eabi/13.3.1/../../../../arm-none-eabi/lib/thumb/v7e-m+fp/hard/crt0.o
LOAD ./Core/Src/main.o
LOAD ./Core/Src/stm32f4xx_it.o
LOAD ./Core/Src/syscalls.o
LOAD ./Core/Src/sysmem.o
LOAD ./Core/Src/system_stm32f4xx.o
LOAD ./Core/Startup/startup_stm32f407vgtx.o
LOAD ./Drivers/STM32F4xx_HAL_Driver/Src/stm32f4xx_ll_adc.o
LOAD ./Drivers/STM32F4xx_HAL_Driver/Src/stm32f4xx_ll_dma.o
LOAD ./Drivers/STM32F4xx_HAL_Driver/Src/stm32f4xx_ll_exti.o
LOAD ./Drivers/STM32F4xx_HAL_Driver/Src/stm32f4xx_ll_gpio.o
LOAD ./Drivers/STM32F4xx_HAL_Driver/Src/stm32f4xx_ll_rcc.o
LOAD ./Drivers/STM32F4xx_HAL_Driver/Src/stm32f4xx_ll_spi.o
LOAD ./Drivers/STM32F4xx_HAL_Driver/Src/stm32f4xx_ll_tim.o
LOAD ./Drivers/STM32F4xx_HAL_Driver/Src/stm32f4xx_ll_usart.o
LOAD ./Drivers/STM32F4xx_HAL_Driver/Src/stm32f4xx_ll_utils.o
LOAD ./Source/ADC_DMA_Device/adc_dma_device.o
LOAD ./Source/ADG1414/adg1414.o
LOAD ./Source/ADS8327/ads8327.o
LOAD ./Source/CMDLine/cmdline.o
LOAD ./Source/CMDLine/command.o
LOAD ./Source/FRAM/fram.o
LOAD ./Source/MCP4902/mcp4902.o
LOAD ./Source/NTC/ntc.o
LOAD ./Source/UART/RingBuffer.o
LOAD ./Source/UART/UART.o
LOAD ./Source/scheduler/scheduler.o
START GROUP
LOAD C:/ST/STM32CubeIDE_1.17.0/STM32CubeIDE/plugins/com.st.stm32cube.ide.mcu.externaltools.gnu-tools-for-stm32.13.3.rel1.win32_1.0.0.202411081344/tools/bin/../lib/gcc/arm-none-eabi/13.3.1/../../../../arm-none-eabi/lib/thumb/v7e-m+fp/hard\libc_nano.a
LOAD C:/ST/STM32CubeIDE_1.17.0/STM32CubeIDE/plugins/com.st.stm32cube.ide.mcu.externaltools.gnu-tools-for-stm32.13.3.rel1.win32_1.0.0.202411081344/tools/bin/../lib/gcc/arm-none-eabi/13.3.1/../../../../arm-none-eabi/lib/thumb/v7e-m+fp/hard\libm.a
END GROUP
START GROUP
LOAD C:/ST/STM32CubeIDE_1.17.0/STM32CubeIDE/plugins/com.st.stm32cube.ide.mcu.externaltools.gnu-tools-for-stm32.13.3.rel1.win32_1.0.0.202411081344/tools/bin/../lib/gcc/arm-none-eabi/13.3.1/thumb/v7e-m+fp/hard\libgcc.a
LOAD C:/ST/STM32CubeIDE_1.17.0/STM32CubeIDE/plugins/com.st.stm32cube.ide.mcu.externaltools.gnu-tools-for-stm32.13.3.rel1.win32_1.0.0.202411081344/tools/bin/../lib/gcc/arm-none-eabi/13.3.1/../../../../arm-none-eabi/lib/thumb/v7e-m+fp/hard\libc_nano.a
END GROUP
START GROUP
LOAD C:/ST/STM32CubeIDE_1.17.0/STM32CubeIDE/plugins/com.st.stm32cube.ide.mcu.externaltools.gnu-tools-for-stm32.13.3.rel1.win32_1.0.0.202411081344/tools/bin/../lib/gcc/arm-none-eabi/13.3.1/thumb/v7e-m+fp/hard\libgcc.a
LOAD C:/ST/STM32CubeIDE_1.17.0/STM32CubeIDE/plugins/com.st.stm32cube.ide.mcu.externaltools.gnu-tools-for-stm32.13.3.rel1.win32_1.0.0.202411081344/tools/bin/../lib/gcc/arm-none-eabi/13.3.1/../../../../arm-none-eabi/lib/thumb/v7e-m+fp/hard\libc_nano.a
LOAD C:/ST/STM32CubeIDE_1.17.0/STM32CubeIDE/plugins/com.st.stm32cube.ide.mcu.externaltools.gnu-tools-for-stm32.13.3.rel1.win32_1.0.0.202411081344/tools/bin/../lib/gcc/arm-none-eabi/13.3.1/../../../../arm-none-eabi/lib/thumb/v7e-m+fp/hard\libnosys.a
END GROUP
START GROUP
LOAD C:/ST/STM32CubeIDE_1.17.0/STM32CubeIDE/plugins/com.st.stm32cube.ide.mcu.externaltools.gnu-tools-for-stm32.13.3.rel1.win32_1.0.0.202411081344/tools/bin/../lib/gcc/arm-none-eabi/13.3.1/thumb/v7e-m+fp/hard\libgcc.a
LOAD C:/ST/STM32CubeIDE_1.17.0/STM32CubeIDE/plugins/com.st.stm32cube.ide.mcu.externaltools.gnu-tools-for-stm32.13.3.rel1.win32_1.0.0.202411081344/tools/bin/../lib/gcc/arm-none-eabi/13.3.1/../../../../arm-none-eabi/lib/thumb/v7e-m+fp/hard\libc_nano.a
LOAD C:/ST/STM32CubeIDE_1.17.0/STM32CubeIDE/plugins/com.st.stm32cube.ide.mcu.externaltools.gnu-tools-for-stm32.13.3.rel1.win32_1.0.0.202411081344/tools/bin/../lib/gcc/arm-none-eabi/13.3.1/../../../../arm-none-eabi/lib/thumb/v7e-m+fp/hard\libnosys.a
END GROUP
LOAD C:/ST/STM32CubeIDE_1.17.0/STM32CubeIDE/plugins/com.st.stm32cube.ide.mcu.externaltools.gnu-tools-for-stm32.13.3.rel1.win32_1.0.0.202411081344/tools/bin/../lib/gcc/arm-none-eabi/13.3.1/thumb/v7e-m+fp/hard/crtend.o
LOAD C:/ST/STM32CubeIDE_1.17.0/STM32CubeIDE/plugins/com.st.stm32cube.ide.mcu.externaltools.gnu-tools-for-stm32.13.3.rel1.win32_1.0.0.202411081344/tools/bin/../lib/gcc/arm-none-eabi/13.3.1/thumb/v7e-m+fp/hard/crtn.o
                0x20020000                        _estack = (ORIGIN (RAM) + LENGTH (RAM))
                0x00000200                        _Min_Heap_Size = 0x200
                0x00000400                        _Min_Stack_Size = 0x400

.isr_vector     0x08000000      0x188
                0x08000000                        . = ALIGN (0x4)
 *(.isr_vector)
 .isr_vector    0x08000000      0x188 ./Core/Startup/startup_stm32f407vgtx.o
                0x08000000                g_pfnVectors
                0x08000188                        . = ALIGN (0x4)

.text           0x08000190     0x918c
                0x08000190                        . = ALIGN (0x4)
 *(.text)
 .text          0x08000190       0x40 C:/ST/STM32CubeIDE_1.17.0/STM32CubeIDE/plugins/com.st.stm32cube.ide.mcu.externaltools.gnu-tools-for-stm32.13.3.rel1.win32_1.0.0.202411081344/tools/bin/../lib/gcc/arm-none-eabi/13.3.1/thumb/v7e-m+fp/hard/crtbegin.o
 .text          0x080001d0       0x14 C:/ST/STM32CubeIDE_1.17.0/STM32CubeIDE/plugins/com.st.stm32cube.ide.mcu.externaltools.gnu-tools-for-stm32.13.3.rel1.win32_1.0.0.202411081344/tools/bin/../lib/gcc/arm-none-eabi/13.3.1/../../../../arm-none-eabi/lib/thumb/v7e-m+fp/hard\libc_nano.a(libc_a-strcmp.o)
                0x080001d0                strcmp
 *fill*         0x080001e4        0xc 
 .text          0x080001f0       0xa0 C:/ST/STM32CubeIDE_1.17.0/STM32CubeIDE/plugins/com.st.stm32cube.ide.mcu.externaltools.gnu-tools-for-stm32.13.3.rel1.win32_1.0.0.202411081344/tools/bin/../lib/gcc/arm-none-eabi/13.3.1/../../../../arm-none-eabi/lib/thumb/v7e-m+fp/hard\libc_nano.a(libc_a-memchr.o)
                0x080001f0                memchr
 .text          0x08000290      0x378 C:/ST/STM32CubeIDE_1.17.0/STM32CubeIDE/plugins/com.st.stm32cube.ide.mcu.externaltools.gnu-tools-for-stm32.13.3.rel1.win32_1.0.0.202411081344/tools/bin/../lib/gcc/arm-none-eabi/13.3.1/thumb/v7e-m+fp/hard\libgcc.a(_arm_addsubdf3.o)
                0x08000290                __aeabi_drsub
                0x08000298                __aeabi_dsub
                0x08000298                __subdf3
                0x0800029c                __aeabi_dadd
                0x0800029c                __adddf3
                0x08000514                __floatunsidf
                0x08000514                __aeabi_ui2d
                0x08000534                __floatsidf
                0x08000534                __aeabi_i2d
                0x08000558                __aeabi_f2d
                0x08000558                __extendsfdf2
                0x0800059c                __floatundidf
                0x0800059c                __aeabi_ul2d
                0x080005ac                __floatdidf
                0x080005ac                __aeabi_l2d
 .text          0x08000608      0x424 C:/ST/STM32CubeIDE_1.17.0/STM32CubeIDE/plugins/com.st.stm32cube.ide.mcu.externaltools.gnu-tools-for-stm32.13.3.rel1.win32_1.0.0.202411081344/tools/bin/../lib/gcc/arm-none-eabi/13.3.1/thumb/v7e-m+fp/hard\libgcc.a(_arm_muldivdf3.o)
                0x08000608                __aeabi_dmul
                0x08000608                __muldf3
                0x0800085c                __divdf3
                0x0800085c                __aeabi_ddiv
 .text          0x08000a2c      0x110 C:/ST/STM32CubeIDE_1.17.0/STM32CubeIDE/plugins/com.st.stm32cube.ide.mcu.externaltools.gnu-tools-for-stm32.13.3.rel1.win32_1.0.0.202411081344/tools/bin/../lib/gcc/arm-none-eabi/13.3.1/thumb/v7e-m+fp/hard\libgcc.a(_arm_cmpdf2.o)
                0x08000a2c                __gtdf2
                0x08000a2c                __gedf2
                0x08000a34                __ltdf2
                0x08000a34                __ledf2
                0x08000a3c                __nedf2
                0x08000a3c                __eqdf2
                0x08000a3c                __cmpdf2
                0x08000ab8                __aeabi_cdrcmple
                0x08000ac8                __aeabi_cdcmpeq
                0x08000ac8                __aeabi_cdcmple
                0x08000ad8                __aeabi_dcmpeq
                0x08000aec                __aeabi_dcmplt
                0x08000b00                __aeabi_dcmple
                0x08000b14                __aeabi_dcmpge
                0x08000b28                __aeabi_dcmpgt
 .text          0x08000b3c       0x50 C:/ST/STM32CubeIDE_1.17.0/STM32CubeIDE/plugins/com.st.stm32cube.ide.mcu.externaltools.gnu-tools-for-stm32.13.3.rel1.win32_1.0.0.202411081344/tools/bin/../lib/gcc/arm-none-eabi/13.3.1/thumb/v7e-m+fp/hard\libgcc.a(_arm_fixdfsi.o)
                0x08000b3c                __aeabi_d2iz
                0x08000b3c                __fixdfsi
 .text          0x08000b8c       0x40 C:/ST/STM32CubeIDE_1.17.0/STM32CubeIDE/plugins/com.st.stm32cube.ide.mcu.externaltools.gnu-tools-for-stm32.13.3.rel1.win32_1.0.0.202411081344/tools/bin/../lib/gcc/arm-none-eabi/13.3.1/thumb/v7e-m+fp/hard\libgcc.a(_arm_fixunsdfsi.o)
                0x08000b8c                __aeabi_d2uiz
                0x08000b8c                __fixunsdfsi
 .text          0x08000bcc       0xa0 C:/ST/STM32CubeIDE_1.17.0/STM32CubeIDE/plugins/com.st.stm32cube.ide.mcu.externaltools.gnu-tools-for-stm32.13.3.rel1.win32_1.0.0.202411081344/tools/bin/../lib/gcc/arm-none-eabi/13.3.1/thumb/v7e-m+fp/hard\libgcc.a(_arm_truncdfsf2.o)
                0x08000bcc                __truncdfsf2
                0x08000bcc                __aeabi_d2f
 .text          0x08000c6c       0x30 C:/ST/STM32CubeIDE_1.17.0/STM32CubeIDE/plugins/com.st.stm32cube.ide.mcu.externaltools.gnu-tools-for-stm32.13.3.rel1.win32_1.0.0.202411081344/tools/bin/../lib/gcc/arm-none-eabi/13.3.1/thumb/v7e-m+fp/hard\libgcc.a(_aeabi_uldivmod.o)
                0x08000c6c                __aeabi_uldivmod
 .text          0x08000c9c       0x30 C:/ST/STM32CubeIDE_1.17.0/STM32CubeIDE/plugins/com.st.stm32cube.ide.mcu.externaltools.gnu-tools-for-stm32.13.3.rel1.win32_1.0.0.202411081344/tools/bin/../lib/gcc/arm-none-eabi/13.3.1/thumb/v7e-m+fp/hard\libgcc.a(_fixdfdi.o)
                0x08000c9c                __fixdfdi
                0x08000c9c                __aeabi_d2lz
 .text          0x08000ccc       0x3c C:/ST/STM32CubeIDE_1.17.0/STM32CubeIDE/plugins/com.st.stm32cube.ide.mcu.externaltools.gnu-tools-for-stm32.13.3.rel1.win32_1.0.0.202411081344/tools/bin/../lib/gcc/arm-none-eabi/13.3.1/thumb/v7e-m+fp/hard\libgcc.a(_fixunsdfdi.o)
                0x08000ccc                __fixunsdfdi
                0x08000ccc                __aeabi_d2ulz
 .text          0x08000d08      0x2f8 C:/ST/STM32CubeIDE_1.17.0/STM32CubeIDE/plugins/com.st.stm32cube.ide.mcu.externaltools.gnu-tools-for-stm32.13.3.rel1.win32_1.0.0.202411081344/tools/bin/../lib/gcc/arm-none-eabi/13.3.1/thumb/v7e-m+fp/hard\libgcc.a(_udivmoddi4.o)
                0x08000d08                __udivmoddi4
 .text          0x08001000        0x4 C:/ST/STM32CubeIDE_1.17.0/STM32CubeIDE/plugins/com.st.stm32cube.ide.mcu.externaltools.gnu-tools-for-stm32.13.3.rel1.win32_1.0.0.202411081344/tools/bin/../lib/gcc/arm-none-eabi/13.3.1/thumb/v7e-m+fp/hard\libgcc.a(_dvmd_tls.o)
                0x08001000                __aeabi_idiv0
                0x08001000                __aeabi_ldiv0
 *(.text*)
 .text.__NVIC_SetPriorityGrouping
                0x08001004       0x48 ./Core/Src/main.o
 .text.__NVIC_GetPriorityGrouping
                0x0800104c       0x1c ./Core/Src/main.o
 .text.__NVIC_EnableIRQ
                0x08001068       0x3c ./Core/Src/main.o
 .text.__NVIC_SetPriority
                0x080010a4       0x54 ./Core/Src/main.o
 .text.NVIC_EncodePriority
                0x080010f8       0x66 ./Core/Src/main.o
 .text.LL_ADC_REG_SetSequencerRanks
                0x0800115e       0x7a ./Core/Src/main.o
 .text.LL_ADC_REG_SetFlagEndOfConversion
                0x080011d8       0x26 ./Core/Src/main.o
 .text.LL_ADC_SetChannelSamplingTime
                0x080011fe       0xc2 ./Core/Src/main.o
 .text.LL_DMA_SetDataTransferDirection
                0x080012c0       0x48 ./Core/Src/main.o
 .text.LL_DMA_SetMode
                0x08001308       0x48 ./Core/Src/main.o
 .text.LL_DMA_SetPeriphIncMode
                0x08001350       0x48 ./Core/Src/main.o
 .text.LL_DMA_SetMemoryIncMode
                0x08001398       0x48 ./Core/Src/main.o
 .text.LL_DMA_SetPeriphSize
                0x080013e0       0x48 ./Core/Src/main.o
 .text.LL_DMA_SetMemorySize
                0x08001428       0x48 ./Core/Src/main.o
 .text.LL_DMA_SetStreamPriorityLevel
                0x08001470       0x48 ./Core/Src/main.o
 .text.LL_DMA_SetChannelSelection
                0x080014b8       0x48 ./Core/Src/main.o
 .text.LL_DMA_DisableFifoMode
                0x08001500       0x40 ./Core/Src/main.o
 .text.LL_RCC_HSE_Enable
                0x08001540       0x20 ./Core/Src/main.o
 .text.LL_RCC_HSE_IsReady
                0x08001560       0x28 ./Core/Src/main.o
 .text.LL_RCC_SetSysClkSource
                0x08001588       0x28 ./Core/Src/main.o
 .text.LL_RCC_GetSysClkSource
                0x080015b0       0x1c ./Core/Src/main.o
 .text.LL_RCC_SetAHBPrescaler
                0x080015cc       0x28 ./Core/Src/main.o
 .text.LL_RCC_SetAPB1Prescaler
                0x080015f4       0x28 ./Core/Src/main.o
 .text.LL_RCC_SetAPB2Prescaler
                0x0800161c       0x28 ./Core/Src/main.o
 .text.LL_RCC_PLL_Enable
                0x08001644       0x20 ./Core/Src/main.o
 .text.LL_RCC_PLL_IsReady
                0x08001664       0x28 ./Core/Src/main.o
 .text.LL_RCC_PLL_ConfigDomain_SYS
                0x0800168c       0x4c ./Core/Src/main.o
 .text.LL_AHB1_GRP1_EnableClock
                0x080016d8       0x30 ./Core/Src/main.o
 .text.LL_APB1_GRP1_EnableClock
                0x08001708       0x30 ./Core/Src/main.o
 .text.LL_APB2_GRP1_EnableClock
                0x08001738       0x30 ./Core/Src/main.o
 .text.LL_FLASH_SetLatency
                0x08001768       0x28 ./Core/Src/main.o
 .text.LL_FLASH_GetLatency
                0x08001790       0x1c ./Core/Src/main.o
 .text.LL_PWR_SetRegulVoltageScaling
                0x080017ac       0x28 ./Core/Src/main.o
 .text.LL_PWR_IsActiveFlag_VOS
                0x080017d4       0x28 ./Core/Src/main.o
 .text.LL_SPI_SetStandard
                0x080017fc       0x26 ./Core/Src/main.o
 .text.LL_TIM_EnableARRPreload
                0x08001822       0x20 ./Core/Src/main.o
 .text.LL_TIM_SetClockSource
                0x08001842       0x2a ./Core/Src/main.o
 .text.LL_TIM_SetTriggerOutput
                0x0800186c       0x26 ./Core/Src/main.o
 .text.LL_TIM_DisableMasterSlaveMode
                0x08001892       0x20 ./Core/Src/main.o
 .text.LL_USART_Enable
                0x080018b2       0x20 ./Core/Src/main.o
 .text.LL_USART_ConfigAsyncMode
                0x080018d2       0x2c ./Core/Src/main.o
 .text.LL_GPIO_SetOutputPin
                0x080018fe       0x1c ./Core/Src/main.o
 .text.LL_GPIO_ResetOutputPin
                0x0800191a       0x1e ./Core/Src/main.o
 .text.LL_GPIO_TogglePin
                0x08001938       0x32 ./Core/Src/main.o
 *fill*         0x0800196a        0x2 
 .text.Status_Led
                0x0800196c       0x20 ./Core/Src/main.o
 .text.main     0x0800198c      0x124 ./Core/Src/main.o
                0x0800198c                main
 .text.SystemClock_Config
                0x08001ab0       0x94 ./Core/Src/main.o
                0x08001ab0                SystemClock_Config
 .text.MX_ADC1_Init
                0x08001b44      0x27c ./Core/Src/main.o
 .text.MX_SPI1_Init
                0x08001dc0       0xa4 ./Core/Src/main.o
 .text.MX_SPI2_Init
                0x08001e64       0xc8 ./Core/Src/main.o
 .text.MX_SPI3_Init
                0x08001f2c       0xa8 ./Core/Src/main.o
 .text.MX_TIM1_Init
                0x08001fd4       0x80 ./Core/Src/main.o
 .text.MX_USART6_UART_Init
                0x08002054       0xc0 ./Core/Src/main.o
 .text.MX_DMA_Init
                0x08002114       0x30 ./Core/Src/main.o
 .text.MX_GPIO_Init
                0x08002144      0x104 ./Core/Src/main.o
 .text.LL_TIM_ClearFlag_UPDATE
                0x08002248       0x1c ./Core/Src/stm32f4xx_it.o
 .text.LL_TIM_IsActiveFlag_UPDATE
                0x08002264       0x26 ./Core/Src/stm32f4xx_it.o
 .text.LL_TIM_IsEnabledIT_UPDATE
                0x0800228a       0x26 ./Core/Src/stm32f4xx_it.o
 .text.NMI_Handler
                0x080022b0        0x8 ./Core/Src/stm32f4xx_it.o
                0x080022b0                NMI_Handler
 .text.HardFault_Handler
                0x080022b8        0x8 ./Core/Src/stm32f4xx_it.o
                0x080022b8                HardFault_Handler
 .text.MemManage_Handler
                0x080022c0        0x8 ./Core/Src/stm32f4xx_it.o
                0x080022c0                MemManage_Handler
 .text.BusFault_Handler
                0x080022c8        0x8 ./Core/Src/stm32f4xx_it.o
                0x080022c8                BusFault_Handler
 .text.UsageFault_Handler
                0x080022d0        0x8 ./Core/Src/stm32f4xx_it.o
                0x080022d0                UsageFault_Handler
 .text.SVC_Handler
                0x080022d8        0xe ./Core/Src/stm32f4xx_it.o
                0x080022d8                SVC_Handler
 .text.DebugMon_Handler
                0x080022e6        0xe ./Core/Src/stm32f4xx_it.o
                0x080022e6                DebugMon_Handler
 .text.PendSV_Handler
                0x080022f4        0xe ./Core/Src/stm32f4xx_it.o
                0x080022f4                PendSV_Handler
 .text.SysTick_Handler
                0x08002302        0xc ./Core/Src/stm32f4xx_it.o
                0x08002302                SysTick_Handler
 *fill*         0x0800230e        0x2 
 .text.TIM1_UP_TIM10_IRQHandler
                0x08002310       0x34 ./Core/Src/stm32f4xx_it.o
                0x08002310                TIM1_UP_TIM10_IRQHandler
 .text.SPI2_IRQHandler
                0x08002344       0x14 ./Core/Src/stm32f4xx_it.o
                0x08002344                SPI2_IRQHandler
 .text.DMA2_Stream0_IRQHandler
                0x08002358        0xe ./Core/Src/stm32f4xx_it.o
                0x08002358                DMA2_Stream0_IRQHandler
 .text.USART6_IRQHandler
                0x08002366        0xc ./Core/Src/stm32f4xx_it.o
                0x08002366                USART6_IRQHandler
 .text._getpid  0x08002372       0x10 ./Core/Src/syscalls.o
                0x08002372                _getpid
 .text._kill    0x08002382       0x20 ./Core/Src/syscalls.o
                0x08002382                _kill
 .text._exit    0x080023a2       0x16 ./Core/Src/syscalls.o
                0x080023a2                _exit
 .text._read    0x080023b8       0x3a ./Core/Src/syscalls.o
                0x080023b8                _read
 .text._write   0x080023f2       0x38 ./Core/Src/syscalls.o
                0x080023f2                _write
 .text._close   0x0800242a       0x18 ./Core/Src/syscalls.o
                0x0800242a                _close
 .text._fstat   0x08002442       0x20 ./Core/Src/syscalls.o
                0x08002442                _fstat
 .text._isatty  0x08002462       0x16 ./Core/Src/syscalls.o
                0x08002462                _isatty
 .text._lseek   0x08002478       0x1a ./Core/Src/syscalls.o
                0x08002478                _lseek
 *fill*         0x08002492        0x2 
 .text._sbrk    0x08002494       0x6c ./Core/Src/sysmem.o
                0x08002494                _sbrk
 .text.SystemInit
                0x08002500       0x24 ./Core/Src/system_stm32f4xx.o
                0x08002500                SystemInit
 .text.Reset_Handler
                0x08002524       0x50 ./Core/Startup/startup_stm32f407vgtx.o
                0x08002524                Reset_Handler
 .text.Default_Handler
                0x08002574        0x2 ./Core/Startup/startup_stm32f407vgtx.o
                0x08002574                RTC_Alarm_IRQHandler
                0x08002574                HASH_RNG_IRQHandler
                0x08002574                EXTI2_IRQHandler
                0x08002574                TIM8_CC_IRQHandler
                0x08002574                TIM1_CC_IRQHandler
                0x08002574                DMA2_Stream5_IRQHandler
                0x08002574                DMA1_Stream5_IRQHandler
                0x08002574                PVD_IRQHandler
                0x08002574                SDIO_IRQHandler
                0x08002574                TAMP_STAMP_IRQHandler
                0x08002574                CAN2_RX1_IRQHandler
                0x08002574                EXTI3_IRQHandler
                0x08002574                TIM8_TRG_COM_TIM14_IRQHandler
                0x08002574                TIM8_UP_TIM13_IRQHandler
                0x08002574                I2C3_ER_IRQHandler
                0x08002574                EXTI0_IRQHandler
                0x08002574                I2C2_EV_IRQHandler
                0x08002574                DMA1_Stream2_IRQHandler
                0x08002574                CAN1_RX0_IRQHandler
                0x08002574                FPU_IRQHandler
                0x08002574                OTG_HS_WKUP_IRQHandler
                0x08002574                CAN2_SCE_IRQHandler
                0x08002574                DMA2_Stream2_IRQHandler
                0x08002574                SPI1_IRQHandler
                0x08002574                TIM6_DAC_IRQHandler
                0x08002574                TIM1_BRK_TIM9_IRQHandler
                0x08002574                DCMI_IRQHandler
                0x08002574                CAN2_RX0_IRQHandler
                0x08002574                DMA2_Stream3_IRQHandler
                0x08002574                USART3_IRQHandler
                0x08002574                CAN1_RX1_IRQHandler
                0x08002574                UART5_IRQHandler
                0x08002574                TIM4_IRQHandler
                0x08002574                I2C1_EV_IRQHandler
                0x08002574                DMA1_Stream6_IRQHandler
                0x08002574                DMA1_Stream1_IRQHandler
                0x08002574                UART4_IRQHandler
                0x08002574                TIM3_IRQHandler
                0x08002574                RCC_IRQHandler
                0x08002574                TIM8_BRK_TIM12_IRQHandler
                0x08002574                Default_Handler
                0x08002574                EXTI15_10_IRQHandler
                0x08002574                ADC_IRQHandler
                0x08002574                DMA1_Stream7_IRQHandler
                0x08002574                TIM7_IRQHandler
                0x08002574                CAN2_TX_IRQHandler
                0x08002574                TIM5_IRQHandler
                0x08002574                DMA2_Stream7_IRQHandler
                0x08002574                I2C3_EV_IRQHandler
                0x08002574                EXTI9_5_IRQHandler
                0x08002574                RTC_WKUP_IRQHandler
                0x08002574                ETH_WKUP_IRQHandler
                0x08002574                OTG_HS_EP1_IN_IRQHandler
                0x08002574                DMA1_Stream0_IRQHandler
                0x08002574                CAN1_TX_IRQHandler
                0x08002574                EXTI4_IRQHandler
                0x08002574                FSMC_IRQHandler
                0x08002574                ETH_IRQHandler
                0x08002574                OTG_HS_EP1_OUT_IRQHandler
                0x08002574                WWDG_IRQHandler
                0x08002574                TIM2_IRQHandler
                0x08002574                OTG_FS_WKUP_IRQHandler
                0x08002574                TIM1_TRG_COM_TIM11_IRQHandler
                0x08002574                OTG_HS_IRQHandler
                0x08002574                EXTI1_IRQHandler
                0x08002574                USART2_IRQHandler
                0x08002574                I2C2_ER_IRQHandler
                0x08002574                DMA2_Stream1_IRQHandler
                0x08002574                CAN1_SCE_IRQHandler
                0x08002574                FLASH_IRQHandler
                0x08002574                DMA2_Stream4_IRQHandler
                0x08002574                USART1_IRQHandler
                0x08002574                OTG_FS_IRQHandler
                0x08002574                SPI3_IRQHandler
                0x08002574                DMA1_Stream4_IRQHandler
                0x08002574                I2C1_ER_IRQHandler
                0x08002574                DMA2_Stream6_IRQHandler
                0x08002574                DMA1_Stream3_IRQHandler
 .text.LL_ADC_REG_SetSequencerLength
                0x08002576       0x26 ./Drivers/STM32F4xx_HAL_Driver/Src/stm32f4xx_ll_adc.o
 .text.LL_ADC_IsEnabled
                0x0800259c       0x26 ./Drivers/STM32F4xx_HAL_Driver/Src/stm32f4xx_ll_adc.o
 *fill*         0x080025c2        0x2 
 .text.LL_ADC_CommonInit
                0x080025c4       0x90 ./Drivers/STM32F4xx_HAL_Driver/Src/stm32f4xx_ll_adc.o
                0x080025c4                LL_ADC_CommonInit
 .text.LL_ADC_Init
                0x08002654       0x58 ./Drivers/STM32F4xx_HAL_Driver/Src/stm32f4xx_ll_adc.o
                0x08002654                LL_ADC_Init
 .text.LL_ADC_REG_Init
                0x080026ac       0x84 ./Drivers/STM32F4xx_HAL_Driver/Src/stm32f4xx_ll_adc.o
                0x080026ac                LL_ADC_REG_Init
 .text.LL_GPIO_SetPinMode
                0x08002730       0x7a ./Drivers/STM32F4xx_HAL_Driver/Src/stm32f4xx_ll_gpio.o
 .text.LL_GPIO_SetPinOutputType
                0x080027aa       0x30 ./Drivers/STM32F4xx_HAL_Driver/Src/stm32f4xx_ll_gpio.o
 .text.LL_GPIO_SetPinSpeed
                0x080027da       0x7a ./Drivers/STM32F4xx_HAL_Driver/Src/stm32f4xx_ll_gpio.o
 .text.LL_GPIO_SetPinPull
                0x08002854       0x7a ./Drivers/STM32F4xx_HAL_Driver/Src/stm32f4xx_ll_gpio.o
 .text.LL_GPIO_SetAFPin_0_7
                0x080028ce       0x7a ./Drivers/STM32F4xx_HAL_Driver/Src/stm32f4xx_ll_gpio.o
 .text.LL_GPIO_SetAFPin_8_15
                0x08002948       0x7e ./Drivers/STM32F4xx_HAL_Driver/Src/stm32f4xx_ll_gpio.o
 .text.LL_GPIO_Init
                0x080029c6      0x102 ./Drivers/STM32F4xx_HAL_Driver/Src/stm32f4xx_ll_gpio.o
                0x080029c6                LL_GPIO_Init
 .text.LL_RCC_GetSysClkSource
                0x08002ac8       0x1c ./Drivers/STM32F4xx_HAL_Driver/Src/stm32f4xx_ll_rcc.o
 .text.LL_RCC_GetAHBPrescaler
                0x08002ae4       0x1c ./Drivers/STM32F4xx_HAL_Driver/Src/stm32f4xx_ll_rcc.o
 .text.LL_RCC_GetAPB1Prescaler
                0x08002b00       0x1c ./Drivers/STM32F4xx_HAL_Driver/Src/stm32f4xx_ll_rcc.o
 .text.LL_RCC_GetAPB2Prescaler
                0x08002b1c       0x1c ./Drivers/STM32F4xx_HAL_Driver/Src/stm32f4xx_ll_rcc.o
 .text.LL_RCC_PLL_GetMainSource
                0x08002b38       0x1c ./Drivers/STM32F4xx_HAL_Driver/Src/stm32f4xx_ll_rcc.o
 .text.LL_RCC_PLL_GetN
                0x08002b54       0x1c ./Drivers/STM32F4xx_HAL_Driver/Src/stm32f4xx_ll_rcc.o
 .text.LL_RCC_PLL_GetP
                0x08002b70       0x1c ./Drivers/STM32F4xx_HAL_Driver/Src/stm32f4xx_ll_rcc.o
 .text.LL_RCC_PLL_GetDivider
                0x08002b8c       0x1c ./Drivers/STM32F4xx_HAL_Driver/Src/stm32f4xx_ll_rcc.o
 .text.LL_RCC_GetSystemClocksFreq
                0x08002ba8       0x4a ./Drivers/STM32F4xx_HAL_Driver/Src/stm32f4xx_ll_rcc.o
                0x08002ba8                LL_RCC_GetSystemClocksFreq
 *fill*         0x08002bf2        0x2 
 .text.RCC_GetSystemClockFreq
                0x08002bf4       0x50 ./Drivers/STM32F4xx_HAL_Driver/Src/stm32f4xx_ll_rcc.o
                0x08002bf4                RCC_GetSystemClockFreq
 .text.RCC_GetHCLKClockFreq
                0x08002c44       0x2c ./Drivers/STM32F4xx_HAL_Driver/Src/stm32f4xx_ll_rcc.o
                0x08002c44                RCC_GetHCLKClockFreq
 .text.RCC_GetPCLK1ClockFreq
                0x08002c70       0x28 ./Drivers/STM32F4xx_HAL_Driver/Src/stm32f4xx_ll_rcc.o
                0x08002c70                RCC_GetPCLK1ClockFreq
 .text.RCC_GetPCLK2ClockFreq
                0x08002c98       0x28 ./Drivers/STM32F4xx_HAL_Driver/Src/stm32f4xx_ll_rcc.o
                0x08002c98                RCC_GetPCLK2ClockFreq
 .text.RCC_PLL_GetFreqDomain_SYS
                0x08002cc0       0x7c ./Drivers/STM32F4xx_HAL_Driver/Src/stm32f4xx_ll_rcc.o
                0x08002cc0                RCC_PLL_GetFreqDomain_SYS
 .text.LL_SPI_IsEnabled
                0x08002d3c       0x26 ./Drivers/STM32F4xx_HAL_Driver/Src/stm32f4xx_ll_spi.o
 .text.LL_SPI_SetCRCPolynomial
                0x08002d62       0x20 ./Drivers/STM32F4xx_HAL_Driver/Src/stm32f4xx_ll_spi.o
 .text.LL_SPI_Init
                0x08002d82       0xa4 ./Drivers/STM32F4xx_HAL_Driver/Src/stm32f4xx_ll_spi.o
                0x08002d82                LL_SPI_Init
 .text.LL_TIM_SetPrescaler
                0x08002e26       0x1c ./Drivers/STM32F4xx_HAL_Driver/Src/stm32f4xx_ll_tim.o
 .text.LL_TIM_SetAutoReload
                0x08002e42       0x1c ./Drivers/STM32F4xx_HAL_Driver/Src/stm32f4xx_ll_tim.o
 .text.LL_TIM_SetRepetitionCounter
                0x08002e5e       0x1c ./Drivers/STM32F4xx_HAL_Driver/Src/stm32f4xx_ll_tim.o
 .text.LL_TIM_GenerateEvent_UPDATE
                0x08002e7a       0x20 ./Drivers/STM32F4xx_HAL_Driver/Src/stm32f4xx_ll_tim.o
 *fill*         0x08002e9a        0x2 
 .text.LL_TIM_Init
                0x08002e9c      0x134 ./Drivers/STM32F4xx_HAL_Driver/Src/stm32f4xx_ll_tim.o
                0x08002e9c                LL_TIM_Init
 .text.LL_USART_IsEnabled
                0x08002fd0       0x28 ./Drivers/STM32F4xx_HAL_Driver/Src/stm32f4xx_ll_usart.o
 .text.LL_USART_SetStopBitsLength
                0x08002ff8       0x26 ./Drivers/STM32F4xx_HAL_Driver/Src/stm32f4xx_ll_usart.o
 .text.LL_USART_SetHWFlowCtrl
                0x0800301e       0x26 ./Drivers/STM32F4xx_HAL_Driver/Src/stm32f4xx_ll_usart.o
 .text.LL_USART_SetBaudRate
                0x08003044      0x45c ./Drivers/STM32F4xx_HAL_Driver/Src/stm32f4xx_ll_usart.o
 .text.LL_USART_Init
                0x080034a0      0x100 ./Drivers/STM32F4xx_HAL_Driver/Src/stm32f4xx_ll_usart.o
                0x080034a0                LL_USART_Init
 .text.LL_InitTick
                0x080035a0       0x34 ./Drivers/STM32F4xx_HAL_Driver/Src/stm32f4xx_ll_utils.o
 .text.LL_Init1msTick
                0x080035d4       0x1a ./Drivers/STM32F4xx_HAL_Driver/Src/stm32f4xx_ll_utils.o
                0x080035d4                LL_Init1msTick
 *fill*         0x080035ee        0x2 
 .text.LL_mDelay
                0x080035f0       0x4c ./Drivers/STM32F4xx_HAL_Driver/Src/stm32f4xx_ll_utils.o
                0x080035f0                LL_mDelay
 .text.LL_SetSystemCoreClock
                0x0800363c       0x20 ./Drivers/STM32F4xx_HAL_Driver/Src/stm32f4xx_ll_utils.o
                0x0800363c                LL_SetSystemCoreClock
 .text.LL_ADC_Enable
                0x0800365c       0x20 ./Source/ADC_DMA_Device/adc_dma_device.o
 .text.LL_ADC_IsEnabled
                0x0800367c       0x26 ./Source/ADC_DMA_Device/adc_dma_device.o
 .text.LL_ADC_REG_StartConversionSWStart
                0x080036a2       0x20 ./Source/ADC_DMA_Device/adc_dma_device.o
 *fill*         0x080036c2        0x2 
 .text.LL_DMA_EnableStream
                0x080036c4       0x40 ./Source/ADC_DMA_Device/adc_dma_device.o
 .text.LL_DMA_SetDataLength
                0x08003704       0x48 ./Source/ADC_DMA_Device/adc_dma_device.o
 .text.LL_DMA_SetMemoryAddress
                0x0800374c       0x30 ./Source/ADC_DMA_Device/adc_dma_device.o
 .text.LL_DMA_SetPeriphAddress
                0x0800377c       0x30 ./Source/ADC_DMA_Device/adc_dma_device.o
 .text.ADC_DMA_Init
                0x080037ac       0x9e ./Source/ADC_DMA_Device/adc_dma_device.o
                0x080037ac                ADC_DMA_Init
 .text.LL_SPI_Enable
                0x0800384a       0x20 ./Source/ADG1414/adg1414.o
 .text.LL_SPI_IsEnabled
                0x0800386a       0x26 ./Source/ADG1414/adg1414.o
 .text.LL_SPI_IsActiveFlag_TXE
                0x08003890       0x26 ./Source/ADG1414/adg1414.o
 .text.LL_SPI_IsActiveFlag_BSY
                0x080038b6       0x26 ./Source/ADG1414/adg1414.o
 .text.LL_SPI_ReceiveData8
                0x080038dc       0x1c ./Source/ADG1414/adg1414.o
 .text.LL_SPI_TransmitData8
                0x080038f8       0x24 ./Source/ADG1414/adg1414.o
 .text.LL_GPIO_SetOutputPin
                0x0800391c       0x1c ./Source/ADG1414/adg1414.o
 .text.LL_GPIO_ResetOutputPin
                0x08003938       0x1e ./Source/ADG1414/adg1414.o
 .text.ADG1414_Chain_Write
                0x08003956       0x9a ./Source/ADG1414/adg1414.o
 .text.ADG1414_Chain_Init
                0x080039f0       0xc0 ./Source/ADG1414/adg1414.o
                0x080039f0                ADG1414_Chain_Init
 .text.ADG1414_Chain_SwitchOn
                0x08003ab0       0xe0 ./Source/ADG1414/adg1414.o
                0x08003ab0                ADG1414_Chain_SwitchOn
 .text.ADG1414_Chain_SwitchAllOff
                0x08003b90       0x3a ./Source/ADG1414/adg1414.o
                0x08003b90                ADG1414_Chain_SwitchAllOff
 .text.LL_SPI_Enable
                0x08003bca       0x20 ./Source/ADS8327/ads8327.o
 .text.LL_SPI_Disable
                0x08003bea       0x20 ./Source/ADS8327/ads8327.o
 .text.LL_SPI_IsEnabled
                0x08003c0a       0x26 ./Source/ADS8327/ads8327.o
 .text.LL_SPI_SetBaudRatePrescaler
                0x08003c30       0x26 ./Source/ADS8327/ads8327.o
 .text.LL_SPI_SetDataWidth
                0x08003c56       0x26 ./Source/ADS8327/ads8327.o
 .text.LL_SPI_IsActiveFlag_RXNE
                0x08003c7c       0x26 ./Source/ADS8327/ads8327.o
 .text.LL_SPI_IsActiveFlag_TXE
                0x08003ca2       0x26 ./Source/ADS8327/ads8327.o
 .text.LL_SPI_IsActiveFlag_BSY
                0x08003cc8       0x26 ./Source/ADS8327/ads8327.o
 .text.LL_SPI_ReceiveData8
                0x08003cee       0x1c ./Source/ADS8327/ads8327.o
 .text.LL_SPI_TransmitData8
                0x08003d0a       0x24 ./Source/ADS8327/ads8327.o
 .text.LL_GPIO_IsInputPinSet
                0x08003d2e       0x2a ./Source/ADS8327/ads8327.o
 .text.LL_GPIO_SetOutputPin
                0x08003d58       0x1c ./Source/ADS8327/ads8327.o
 .text.LL_GPIO_ResetOutputPin
                0x08003d74       0x1e ./Source/ADS8327/ads8327.o
 .text.ADS8327_Transmit16
                0x08003d92       0xa6 ./Source/ADS8327/ads8327.o
 .text.ADS8327_Receive16
                0x08003e38       0xee ./Source/ADS8327/ads8327.o
 .text.ADS8327_Wake_Up
                0x08003f26       0x44 ./Source/ADS8327/ads8327.o
                0x08003f26                ADS8327_Wake_Up
 .text.ADS8327_Write_CFR
                0x08003f6a       0x6e ./Source/ADS8327/ads8327.o
                0x08003f6a                ADS8327_Write_CFR
 .text.ADS8327_Default_CFR
                0x08003fd8       0x70 ./Source/ADS8327/ads8327.o
                0x08003fd8                ADS8327_Default_CFR
 .text.ADS8327_Read_Data_Polling
                0x08004048       0xc2 ./Source/ADS8327/ads8327.o
                0x08004048                ADS8327_Read_Data_Polling
 *fill*         0x0800410a        0x2 
 .text.ISR_TIMTrigger_IRQHandler
                0x0800410c       0xb4 ./Source/ADS8327/ads8327.o
                0x0800410c                ISR_TIMTrigger_IRQHandler
 .text.ISR_SPI_IRQHandler
                0x080041c0       0x5c ./Source/ADS8327/ads8327.o
                0x080041c0                ISR_SPI_IRQHandler
 .text.SPI_SetPrescaler
                0x0800421c       0x58 ./Source/ADS8327/ads8327.o
                0x0800421c                SPI_SetPrescaler
 .text.SPI_SetDataLength
                0x08004274       0x36 ./Source/ADS8327/ads8327.o
                0x08004274                SPI_SetDataLength
 .text.ADS8327_Device_Init
                0x080042aa       0x7c ./Source/ADS8327/ads8327.o
                0x080042aa                ADS8327_Device_Init
 *fill*         0x08004326        0x2 
 .text.CmdLineProcess
                0x08004328       0xb4 ./Source/CMDLine/cmdline.o
                0x08004328                CmdLineProcess
 .text.LL_TIM_EnableCounter
                0x080043dc       0x20 ./Source/CMDLine/command.o
 .text.LL_TIM_DisableCounter
                0x080043fc       0x20 ./Source/CMDLine/command.o
 .text.LL_TIM_SetCounter
                0x0800441c       0x1c ./Source/CMDLine/command.o
 .text.LL_TIM_SetAutoReload
                0x08004438       0x1c ./Source/CMDLine/command.o
 .text.LL_TIM_EnableIT_UPDATE
                0x08004454       0x20 ./Source/CMDLine/command.o
 .text.LL_TIM_DisableIT_UPDATE
                0x08004474       0x20 ./Source/CMDLine/command.o
 .text.command_init
                0x08004494       0x3c ./Source/CMDLine/command.o
                0x08004494                command_init
 .text.ftoa     0x080044d0      0x260 ./Source/CMDLine/command.o
                0x080044d0                ftoa
 .text.Map      0x08004730       0x38 ./Source/CMDLine/command.o
                0x08004730                Map
 .text.crc16_CCITT_update
                0x08004768       0x9c ./Source/CMDLine/command.o
 .text.htoa     0x08004804       0x8c ./Source/CMDLine/command.o
 .text.cur_cal  0x08004890       0x60 ./Source/CMDLine/command.o
 .text.command_task_update
                0x080048f0      0x104 ./Source/CMDLine/command.o
                0x080048f0                command_task_update
 .text.Cmd_help
                0x080049f4       0x54 ./Source/CMDLine/command.o
                0x080049f4                Cmd_help
 .text.Cmd_set_laser
                0x08004a48      0x198 ./Source/CMDLine/command.o
                0x08004a48                Cmd_set_laser
 .text.Cmd_get_current
                0x08004be0       0xe0 ./Source/CMDLine/command.o
                0x08004be0                Cmd_get_current
 .text.Cmd_pd_get
                0x08004cc0       0x90 ./Source/CMDLine/command.o
                0x08004cc0                Cmd_pd_get
 .text.Cmd_sample_set_pd
                0x08004d50       0x74 ./Source/CMDLine/command.o
                0x08004d50                Cmd_sample_set_pd
 .text.Cmd_sample_set_rate
                0x08004dc4      0x130 ./Source/CMDLine/command.o
                0x08004dc4                Cmd_sample_set_rate
 .text.Cmd_sample_trig
                0x08004ef4       0xb4 ./Source/CMDLine/command.o
                0x08004ef4                Cmd_sample_trig
 .text.Cmd_sample_status_get
                0x08004fa8       0x74 ./Source/CMDLine/command.o
                0x08004fa8                Cmd_sample_status_get
 .text.Cmd_sample_get
                0x0800501c      0x110 ./Source/CMDLine/command.o
                0x0800501c                Cmd_sample_get
 .text.Cmd_sample_get_char
                0x0800512c       0xe0 ./Source/CMDLine/command.o
                0x0800512c                Cmd_sample_get_char
 .text.Cmd_get_temp
                0x0800520c       0x94 ./Source/CMDLine/command.o
                0x0800520c                Cmd_get_temp
 .text.Cmd_sample_get_buf
                0x080052a0       0xf4 ./Source/CMDLine/command.o
                0x080052a0                Cmd_sample_get_buf
 .text.Cmd_sample_get_buf_char
                0x08005394       0xc4 ./Source/CMDLine/command.o
                0x08005394                Cmd_sample_get_buf_char
 .text.LL_SPI_Enable
                0x08005458       0x20 ./Source/MCP4902/mcp4902.o
 .text.LL_SPI_IsEnabled
                0x08005478       0x26 ./Source/MCP4902/mcp4902.o
 .text.LL_SPI_IsActiveFlag_TXE
                0x0800549e       0x26 ./Source/MCP4902/mcp4902.o
 .text.LL_SPI_IsActiveFlag_BSY
                0x080054c4       0x26 ./Source/MCP4902/mcp4902.o
 .text.LL_SPI_TransmitData8
                0x080054ea       0x24 ./Source/MCP4902/mcp4902.o
 .text.LL_SPI_TransmitData16
                0x0800550e       0x24 ./Source/MCP4902/mcp4902.o
 .text.LL_GPIO_SetOutputPin
                0x08005532       0x1c ./Source/MCP4902/mcp4902.o
 .text.LL_GPIO_ResetOutputPin
                0x0800554e       0x1e ./Source/MCP4902/mcp4902.o
 .text.MCP4902_Write
                0x0800556c      0x124 ./Source/MCP4902/mcp4902.o
 .text.MCP4902_Shutdown
                0x08005690       0xac ./Source/MCP4902/mcp4902.o
                0x08005690                MCP4902_Shutdown
 .text.MCP4902_Set_DAC
                0x0800573c       0x28 ./Source/MCP4902/mcp4902.o
                0x0800573c                MCP4902_Set_DAC
 .text.MCP4902_Device_Init
                0x08005764       0xe4 ./Source/MCP4902/mcp4902.o
                0x08005764                MCP4902_Device_Init
 .text.ntc_convertToC
                0x08005848       0xf0 ./Source/NTC/ntc.o
                0x08005848                ntc_convertToC
 .text.rbuffer_init
                0x08005938       0x34 ./Source/UART/RingBuffer.o
                0x08005938                rbuffer_init
 .text.rbuffer_full
                0x0800596c       0x28 ./Source/UART/RingBuffer.o
                0x0800596c                rbuffer_full
 .text.rbuffer_empty
                0x08005994       0x26 ./Source/UART/RingBuffer.o
                0x08005994                rbuffer_empty
 .text.rbuffer_insert
                0x080059ba       0x58 ./Source/UART/RingBuffer.o
                0x080059ba                rbuffer_insert
 .text.rbuffer_remove
                0x08005a12       0x56 ./Source/UART/RingBuffer.o
                0x08005a12                rbuffer_remove
 .text.LL_USART_IsActiveFlag_FE
                0x08005a68       0x26 ./Source/UART/UART.o
 .text.LL_USART_IsActiveFlag_NE
                0x08005a8e       0x26 ./Source/UART/UART.o
 .text.LL_USART_IsActiveFlag_ORE
                0x08005ab4       0x26 ./Source/UART/UART.o
 .text.LL_USART_IsActiveFlag_RXNE
                0x08005ada       0x26 ./Source/UART/UART.o
 .text.LL_USART_IsActiveFlag_TXE
                0x08005b00       0x26 ./Source/UART/UART.o
 .text.LL_USART_ClearFlag_FE
                0x08005b26       0x24 ./Source/UART/UART.o
 .text.LL_USART_ClearFlag_NE
                0x08005b4a       0x24 ./Source/UART/UART.o
 .text.LL_USART_ClearFlag_ORE
                0x08005b6e       0x24 ./Source/UART/UART.o
 .text.LL_USART_EnableIT_RXNE
                0x08005b92       0x46 ./Source/UART/UART.o
 .text.LL_USART_EnableIT_TXE
                0x08005bd8       0x46 ./Source/UART/UART.o
 .text.LL_USART_DisableIT_TXE
                0x08005c1e       0x46 ./Source/UART/UART.o
 .text.LL_USART_IsEnabledIT_RXNE
                0x08005c64       0x26 ./Source/UART/UART.o
 .text.LL_USART_ReceiveData8
                0x08005c8a       0x1a ./Source/UART/UART.o
 .text.LL_USART_TransmitData8
                0x08005ca4       0x1e ./Source/UART/UART.o
 *fill*         0x08005cc2        0x2 
 .text.USART6_IRQ
                0x08005cc4       0xe0 ./Source/UART/UART.o
                0x08005cc4                USART6_IRQ
 .text.USART6_init
                0x08005da4       0x30 ./Source/UART/UART.o
                0x08005da4                USART6_init
 .text.USART6_send_char
                0x08005dd4       0x48 ./Source/UART/UART.o
                0x08005dd4                USART6_send_char
 .text.USART6_send_string
                0x08005e1c       0x2a ./Source/UART/UART.o
                0x08005e1c                USART6_send_string
 .text.USART6_send_array
                0x08005e46       0x38 ./Source/UART/UART.o
                0x08005e46                USART6_send_array
 *fill*         0x08005e7e        0x2 
 .text.uart_get_USART6_rx_buffer_address
                0x08005e80       0x18 ./Source/UART/UART.o
                0x08005e80                uart_get_USART6_rx_buffer_address
 .text.UARTvprintf
                0x08005e98      0x3f4 ./Source/UART/UART.o
 .text.UARTprintf
                0x0800628c       0x24 ./Source/UART/UART.o
                0x0800628c                UARTprintf
 .text.SchedulerSysTickIntHandler
                0x080062b0       0x1c ./Source/scheduler/scheduler.o
                0x080062b0                SchedulerSysTickIntHandler
 .text.SchedulerInit
                0x080062cc       0x44 ./Source/scheduler/scheduler.o
                0x080062cc                SchedulerInit
 .text.SchedulerRun
                0x08006310       0x74 ./Source/scheduler/scheduler.o
                0x08006310                SchedulerRun
 .text.SchedulerElapsedTicksGet
                0x08006384       0x24 ./Source/scheduler/scheduler.o
                0x08006384                SchedulerElapsedTicksGet
 .text.SchedulerElapsedTicksCalc
                0x080063a8       0x1c ./Source/scheduler/scheduler.o
                0x080063a8                SchedulerElapsedTicksCalc
 .text.atof     0x080063c4        0x6 C:/ST/STM32CubeIDE_1.17.0/STM32CubeIDE/plugins/com.st.stm32cube.ide.mcu.externaltools.gnu-tools-for-stm32.13.3.rel1.win32_1.0.0.202411081344/tools/bin/../lib/gcc/arm-none-eabi/13.3.1/../../../../arm-none-eabi/lib/thumb/v7e-m+fp/hard\libc_nano.a(libc_a-atof.o)
                0x080063c4                atof
 .text.atoi     0x080063ca        0x8 C:/ST/STM32CubeIDE_1.17.0/STM32CubeIDE/plugins/com.st.stm32cube.ide.mcu.externaltools.gnu-tools-for-stm32.13.3.rel1.win32_1.0.0.202411081344/tools/bin/../lib/gcc/arm-none-eabi/13.3.1/../../../../arm-none-eabi/lib/thumb/v7e-m+fp/hard\libc_nano.a(libc_a-atoi.o)
                0x080063ca                atoi
 .text.sulp     0x080063d2       0x3c C:/ST/STM32CubeIDE_1.17.0/STM32CubeIDE/plugins/com.st.stm32cube.ide.mcu.externaltools.gnu-tools-for-stm32.13.3.rel1.win32_1.0.0.202411081344/tools/bin/../lib/gcc/arm-none-eabi/13.3.1/../../../../arm-none-eabi/lib/thumb/v7e-m+fp/hard\libc_nano.a(libc_a-strtod.o)
 *fill*         0x0800640e        0x2 
 .text._strtod_l
                0x08006410      0xbc8 C:/ST/STM32CubeIDE_1.17.0/STM32CubeIDE/plugins/com.st.stm32cube.ide.mcu.externaltools.gnu-tools-for-stm32.13.3.rel1.win32_1.0.0.202411081344/tools/bin/../lib/gcc/arm-none-eabi/13.3.1/../../../../arm-none-eabi/lib/thumb/v7e-m+fp/hard\libc_nano.a(libc_a-strtod.o)
                0x08006410                _strtod_l
 .text.strtod   0x08006fd8       0x18 C:/ST/STM32CubeIDE_1.17.0/STM32CubeIDE/plugins/com.st.stm32cube.ide.mcu.externaltools.gnu-tools-for-stm32.13.3.rel1.win32_1.0.0.202411081344/tools/bin/../lib/gcc/arm-none-eabi/13.3.1/../../../../arm-none-eabi/lib/thumb/v7e-m+fp/hard\libc_nano.a(libc_a-strtod.o)
                0x08006fd8                strtod
 .text._strtol_l.isra.0
                0x08006ff0       0xf4 C:/ST/STM32CubeIDE_1.17.0/STM32CubeIDE/plugins/com.st.stm32cube.ide.mcu.externaltools.gnu-tools-for-stm32.13.3.rel1.win32_1.0.0.202411081344/tools/bin/../lib/gcc/arm-none-eabi/13.3.1/../../../../arm-none-eabi/lib/thumb/v7e-m+fp/hard\libc_nano.a(libc_a-strtol.o)
 .text.strtol   0x080070e4       0x14 C:/ST/STM32CubeIDE_1.17.0/STM32CubeIDE/plugins/com.st.stm32cube.ide.mcu.externaltools.gnu-tools-for-stm32.13.3.rel1.win32_1.0.0.202411081344/tools/bin/../lib/gcc/arm-none-eabi/13.3.1/../../../../arm-none-eabi/lib/thumb/v7e-m+fp/hard\libc_nano.a(libc_a-strtol.o)
                0x080070e4                strtol
 .text.std      0x080070f8       0x6c C:/ST/STM32CubeIDE_1.17.0/STM32CubeIDE/plugins/com.st.stm32cube.ide.mcu.externaltools.gnu-tools-for-stm32.13.3.rel1.win32_1.0.0.202411081344/tools/bin/../lib/gcc/arm-none-eabi/13.3.1/../../../../arm-none-eabi/lib/thumb/v7e-m+fp/hard\libc_nano.a(libc_a-findfp.o)
 .text.stdio_exit_handler
                0x08007164       0x18 C:/ST/STM32CubeIDE_1.17.0/STM32CubeIDE/plugins/com.st.stm32cube.ide.mcu.externaltools.gnu-tools-for-stm32.13.3.rel1.win32_1.0.0.202411081344/tools/bin/../lib/gcc/arm-none-eabi/13.3.1/../../../../arm-none-eabi/lib/thumb/v7e-m+fp/hard\libc_nano.a(libc_a-findfp.o)
 .text.cleanup_stdio
                0x0800717c       0x40 C:/ST/STM32CubeIDE_1.17.0/STM32CubeIDE/plugins/com.st.stm32cube.ide.mcu.externaltools.gnu-tools-for-stm32.13.3.rel1.win32_1.0.0.202411081344/tools/bin/../lib/gcc/arm-none-eabi/13.3.1/../../../../arm-none-eabi/lib/thumb/v7e-m+fp/hard\libc_nano.a(libc_a-findfp.o)
 .text.global_stdio_init.part.0
                0x080071bc       0x3c C:/ST/STM32CubeIDE_1.17.0/STM32CubeIDE/plugins/com.st.stm32cube.ide.mcu.externaltools.gnu-tools-for-stm32.13.3.rel1.win32_1.0.0.202411081344/tools/bin/../lib/gcc/arm-none-eabi/13.3.1/../../../../arm-none-eabi/lib/thumb/v7e-m+fp/hard\libc_nano.a(libc_a-findfp.o)
 .text.__sfp_lock_acquire
                0x080071f8        0xc C:/ST/STM32CubeIDE_1.17.0/STM32CubeIDE/plugins/com.st.stm32cube.ide.mcu.externaltools.gnu-tools-for-stm32.13.3.rel1.win32_1.0.0.202411081344/tools/bin/../lib/gcc/arm-none-eabi/13.3.1/../../../../arm-none-eabi/lib/thumb/v7e-m+fp/hard\libc_nano.a(libc_a-findfp.o)
                0x080071f8                __sfp_lock_acquire
 .text.__sfp_lock_release
                0x08007204        0xc C:/ST/STM32CubeIDE_1.17.0/STM32CubeIDE/plugins/com.st.stm32cube.ide.mcu.externaltools.gnu-tools-for-stm32.13.3.rel1.win32_1.0.0.202411081344/tools/bin/../lib/gcc/arm-none-eabi/13.3.1/../../../../arm-none-eabi/lib/thumb/v7e-m+fp/hard\libc_nano.a(libc_a-findfp.o)
                0x08007204                __sfp_lock_release
 .text.__sinit  0x08007210       0x30 C:/ST/STM32CubeIDE_1.17.0/STM32CubeIDE/plugins/com.st.stm32cube.ide.mcu.externaltools.gnu-tools-for-stm32.13.3.rel1.win32_1.0.0.202411081344/tools/bin/../lib/gcc/arm-none-eabi/13.3.1/../../../../arm-none-eabi/lib/thumb/v7e-m+fp/hard\libc_nano.a(libc_a-findfp.o)
                0x08007210                __sinit
 .text._fwalk_sglue
                0x08007240       0x3c C:/ST/STM32CubeIDE_1.17.0/STM32CubeIDE/plugins/com.st.stm32cube.ide.mcu.externaltools.gnu-tools-for-stm32.13.3.rel1.win32_1.0.0.202411081344/tools/bin/../lib/gcc/arm-none-eabi/13.3.1/../../../../arm-none-eabi/lib/thumb/v7e-m+fp/hard\libc_nano.a(libc_a-fwalk.o)
                0x08007240                _fwalk_sglue
 .text.__sread  0x0800727c       0x22 C:/ST/STM32CubeIDE_1.17.0/STM32CubeIDE/plugins/com.st.stm32cube.ide.mcu.externaltools.gnu-tools-for-stm32.13.3.rel1.win32_1.0.0.202411081344/tools/bin/../lib/gcc/arm-none-eabi/13.3.1/../../../../arm-none-eabi/lib/thumb/v7e-m+fp/hard\libc_nano.a(libc_a-stdio.o)
                0x0800727c                __sread
 .text.__swrite
                0x0800729e       0x38 C:/ST/STM32CubeIDE_1.17.0/STM32CubeIDE/plugins/com.st.stm32cube.ide.mcu.externaltools.gnu-tools-for-stm32.13.3.rel1.win32_1.0.0.202411081344/tools/bin/../lib/gcc/arm-none-eabi/13.3.1/../../../../arm-none-eabi/lib/thumb/v7e-m+fp/hard\libc_nano.a(libc_a-stdio.o)
                0x0800729e                __swrite
 .text.__sseek  0x080072d6       0x24 C:/ST/STM32CubeIDE_1.17.0/STM32CubeIDE/plugins/com.st.stm32cube.ide.mcu.externaltools.gnu-tools-for-stm32.13.3.rel1.win32_1.0.0.202411081344/tools/bin/../lib/gcc/arm-none-eabi/13.3.1/../../../../arm-none-eabi/lib/thumb/v7e-m+fp/hard\libc_nano.a(libc_a-stdio.o)
                0x080072d6                __sseek
 .text.__sclose
                0x080072fa        0x8 C:/ST/STM32CubeIDE_1.17.0/STM32CubeIDE/plugins/com.st.stm32cube.ide.mcu.externaltools.gnu-tools-for-stm32.13.3.rel1.win32_1.0.0.202411081344/tools/bin/../lib/gcc/arm-none-eabi/13.3.1/../../../../arm-none-eabi/lib/thumb/v7e-m+fp/hard\libc_nano.a(libc_a-stdio.o)
                0x080072fa                __sclose
 .text.memset   0x08007302       0x10 C:/ST/STM32CubeIDE_1.17.0/STM32CubeIDE/plugins/com.st.stm32cube.ide.mcu.externaltools.gnu-tools-for-stm32.13.3.rel1.win32_1.0.0.202411081344/tools/bin/../lib/gcc/arm-none-eabi/13.3.1/../../../../arm-none-eabi/lib/thumb/v7e-m+fp/hard\libc_nano.a(libc_a-memset.o)
                0x08007302                memset
 .text.strncmp  0x08007312       0x24 C:/ST/STM32CubeIDE_1.17.0/STM32CubeIDE/plugins/com.st.stm32cube.ide.mcu.externaltools.gnu-tools-for-stm32.13.3.rel1.win32_1.0.0.202411081344/tools/bin/../lib/gcc/arm-none-eabi/13.3.1/../../../../arm-none-eabi/lib/thumb/v7e-m+fp/hard\libc_nano.a(libc_a-strncmp.o)
                0x08007312                strncmp
 *fill*         0x08007336        0x2 
 .text._close_r
                0x08007338       0x20 C:/ST/STM32CubeIDE_1.17.0/STM32CubeIDE/plugins/com.st.stm32cube.ide.mcu.externaltools.gnu-tools-for-stm32.13.3.rel1.win32_1.0.0.202411081344/tools/bin/../lib/gcc/arm-none-eabi/13.3.1/../../../../arm-none-eabi/lib/thumb/v7e-m+fp/hard\libc_nano.a(libc_a-closer.o)
                0x08007338                _close_r
 .text._lseek_r
                0x08007358       0x24 C:/ST/STM32CubeIDE_1.17.0/STM32CubeIDE/plugins/com.st.stm32cube.ide.mcu.externaltools.gnu-tools-for-stm32.13.3.rel1.win32_1.0.0.202411081344/tools/bin/../lib/gcc/arm-none-eabi/13.3.1/../../../../arm-none-eabi/lib/thumb/v7e-m+fp/hard\libc_nano.a(libc_a-lseekr.o)
                0x08007358                _lseek_r
 .text._read_r  0x0800737c       0x24 C:/ST/STM32CubeIDE_1.17.0/STM32CubeIDE/plugins/com.st.stm32cube.ide.mcu.externaltools.gnu-tools-for-stm32.13.3.rel1.win32_1.0.0.202411081344/tools/bin/../lib/gcc/arm-none-eabi/13.3.1/../../../../arm-none-eabi/lib/thumb/v7e-m+fp/hard\libc_nano.a(libc_a-readr.o)
                0x0800737c                _read_r
 .text._write_r
                0x080073a0       0x24 C:/ST/STM32CubeIDE_1.17.0/STM32CubeIDE/plugins/com.st.stm32cube.ide.mcu.externaltools.gnu-tools-for-stm32.13.3.rel1.win32_1.0.0.202411081344/tools/bin/../lib/gcc/arm-none-eabi/13.3.1/../../../../arm-none-eabi/lib/thumb/v7e-m+fp/hard\libc_nano.a(libc_a-writer.o)
                0x080073a0                _write_r
 .text.__errno  0x080073c4        0xc C:/ST/STM32CubeIDE_1.17.0/STM32CubeIDE/plugins/com.st.stm32cube.ide.mcu.externaltools.gnu-tools-for-stm32.13.3.rel1.win32_1.0.0.202411081344/tools/bin/../lib/gcc/arm-none-eabi/13.3.1/../../../../arm-none-eabi/lib/thumb/v7e-m+fp/hard\libc_nano.a(libc_a-errno.o)
                0x080073c4                __errno
 .text.__libc_init_array
                0x080073d0       0x48 C:/ST/STM32CubeIDE_1.17.0/STM32CubeIDE/plugins/com.st.stm32cube.ide.mcu.externaltools.gnu-tools-for-stm32.13.3.rel1.win32_1.0.0.202411081344/tools/bin/../lib/gcc/arm-none-eabi/13.3.1/../../../../arm-none-eabi/lib/thumb/v7e-m+fp/hard\libc_nano.a(libc_a-init.o)
                0x080073d0                __libc_init_array
 .text.__retarget_lock_init_recursive
                0x08007418        0x2 C:/ST/STM32CubeIDE_1.17.0/STM32CubeIDE/plugins/com.st.stm32cube.ide.mcu.externaltools.gnu-tools-for-stm32.13.3.rel1.win32_1.0.0.202411081344/tools/bin/../lib/gcc/arm-none-eabi/13.3.1/../../../../arm-none-eabi/lib/thumb/v7e-m+fp/hard\libc_nano.a(libc_a-lock.o)
                0x08007418                __retarget_lock_init_recursive
 .text.__retarget_lock_acquire_recursive
                0x0800741a        0x2 C:/ST/STM32CubeIDE_1.17.0/STM32CubeIDE/plugins/com.st.stm32cube.ide.mcu.externaltools.gnu-tools-for-stm32.13.3.rel1.win32_1.0.0.202411081344/tools/bin/../lib/gcc/arm-none-eabi/13.3.1/../../../../arm-none-eabi/lib/thumb/v7e-m+fp/hard\libc_nano.a(libc_a-lock.o)
                0x0800741a                __retarget_lock_acquire_recursive
 .text.__retarget_lock_release_recursive
                0x0800741c        0x2 C:/ST/STM32CubeIDE_1.17.0/STM32CubeIDE/plugins/com.st.stm32cube.ide.mcu.externaltools.gnu-tools-for-stm32.13.3.rel1.win32_1.0.0.202411081344/tools/bin/../lib/gcc/arm-none-eabi/13.3.1/../../../../arm-none-eabi/lib/thumb/v7e-m+fp/hard\libc_nano.a(libc_a-lock.o)
                0x0800741c                __retarget_lock_release_recursive
 .text.memcpy   0x0800741e       0x1c C:/ST/STM32CubeIDE_1.17.0/STM32CubeIDE/plugins/com.st.stm32cube.ide.mcu.externaltools.gnu-tools-for-stm32.13.3.rel1.win32_1.0.0.202411081344/tools/bin/../lib/gcc/arm-none-eabi/13.3.1/../../../../arm-none-eabi/lib/thumb/v7e-m+fp/hard\libc_nano.a(libc_a-memcpy-stub.o)
                0x0800741e                memcpy
 *fill*         0x0800743a        0x6 
 .text.nan      0x08007440       0x10 C:/ST/STM32CubeIDE_1.17.0/STM32CubeIDE/plugins/com.st.stm32cube.ide.mcu.externaltools.gnu-tools-for-stm32.13.3.rel1.win32_1.0.0.202411081344/tools/bin/../lib/gcc/arm-none-eabi/13.3.1/../../../../arm-none-eabi/lib/thumb/v7e-m+fp/hard\libc_nano.a(libm_a-s_nan.o)
                0x08007440                nan
 .text.nanf     0x08007450        0xc C:/ST/STM32CubeIDE_1.17.0/STM32CubeIDE/plugins/com.st.stm32cube.ide.mcu.externaltools.gnu-tools-for-stm32.13.3.rel1.win32_1.0.0.202411081344/tools/bin/../lib/gcc/arm-none-eabi/13.3.1/../../../../arm-none-eabi/lib/thumb/v7e-m+fp/hard\libc_nano.a(libm_a-sf_nan.o)
                0x08007450                nanf
 .text._free_r  0x0800745c       0x94 C:/ST/STM32CubeIDE_1.17.0/STM32CubeIDE/plugins/com.st.stm32cube.ide.mcu.externaltools.gnu-tools-for-stm32.13.3.rel1.win32_1.0.0.202411081344/tools/bin/../lib/gcc/arm-none-eabi/13.3.1/../../../../arm-none-eabi/lib/thumb/v7e-m+fp/hard\libc_nano.a(libc_a-freer.o)
                0x0800745c                _free_r
 .text.rshift   0x080074f0       0xa4 C:/ST/STM32CubeIDE_1.17.0/STM32CubeIDE/plugins/com.st.stm32cube.ide.mcu.externaltools.gnu-tools-for-stm32.13.3.rel1.win32_1.0.0.202411081344/tools/bin/../lib/gcc/arm-none-eabi/13.3.1/../../../../arm-none-eabi/lib/thumb/v7e-m+fp/hard\libc_nano.a(libc_a-gdtoa-gethex.o)
 .text.__hexdig_fun
                0x08007594       0x2a C:/ST/STM32CubeIDE_1.17.0/STM32CubeIDE/plugins/com.st.stm32cube.ide.mcu.externaltools.gnu-tools-for-stm32.13.3.rel1.win32_1.0.0.202411081344/tools/bin/../lib/gcc/arm-none-eabi/13.3.1/../../../../arm-none-eabi/lib/thumb/v7e-m+fp/hard\libc_nano.a(libc_a-gdtoa-gethex.o)
                0x08007594                __hexdig_fun
 *fill*         0x080075be        0x2 
 .text.__gethex
                0x080075c0      0x420 C:/ST/STM32CubeIDE_1.17.0/STM32CubeIDE/plugins/com.st.stm32cube.ide.mcu.externaltools.gnu-tools-for-stm32.13.3.rel1.win32_1.0.0.202411081344/tools/bin/../lib/gcc/arm-none-eabi/13.3.1/../../../../arm-none-eabi/lib/thumb/v7e-m+fp/hard\libc_nano.a(libc_a-gdtoa-gethex.o)
                0x080075c0                __gethex
 .text.L_shift  0x080079e0       0x24 C:/ST/STM32CubeIDE_1.17.0/STM32CubeIDE/plugins/com.st.stm32cube.ide.mcu.externaltools.gnu-tools-for-stm32.13.3.rel1.win32_1.0.0.202411081344/tools/bin/../lib/gcc/arm-none-eabi/13.3.1/../../../../arm-none-eabi/lib/thumb/v7e-m+fp/hard\libc_nano.a(libc_a-gdtoa-hexnan.o)
 .text.__match  0x08007a04       0x28 C:/ST/STM32CubeIDE_1.17.0/STM32CubeIDE/plugins/com.st.stm32cube.ide.mcu.externaltools.gnu-tools-for-stm32.13.3.rel1.win32_1.0.0.202411081344/tools/bin/../lib/gcc/arm-none-eabi/13.3.1/../../../../arm-none-eabi/lib/thumb/v7e-m+fp/hard\libc_nano.a(libc_a-gdtoa-hexnan.o)
                0x08007a04                __match
 .text.__hexnan
                0x08007a2c      0x136 C:/ST/STM32CubeIDE_1.17.0/STM32CubeIDE/plugins/com.st.stm32cube.ide.mcu.externaltools.gnu-tools-for-stm32.13.3.rel1.win32_1.0.0.202411081344/tools/bin/../lib/gcc/arm-none-eabi/13.3.1/../../../../arm-none-eabi/lib/thumb/v7e-m+fp/hard\libc_nano.a(libc_a-gdtoa-hexnan.o)
                0x08007a2c                __hexnan
 *fill*         0x08007b62        0x2 
 .text.sbrk_aligned
                0x08007b64       0x44 C:/ST/STM32CubeIDE_1.17.0/STM32CubeIDE/plugins/com.st.stm32cube.ide.mcu.externaltools.gnu-tools-for-stm32.13.3.rel1.win32_1.0.0.202411081344/tools/bin/../lib/gcc/arm-none-eabi/13.3.1/../../../../arm-none-eabi/lib/thumb/v7e-m+fp/hard\libc_nano.a(libc_a-mallocr.o)
 .text._malloc_r
                0x08007ba8      0x100 C:/ST/STM32CubeIDE_1.17.0/STM32CubeIDE/plugins/com.st.stm32cube.ide.mcu.externaltools.gnu-tools-for-stm32.13.3.rel1.win32_1.0.0.202411081344/tools/bin/../lib/gcc/arm-none-eabi/13.3.1/../../../../arm-none-eabi/lib/thumb/v7e-m+fp/hard\libc_nano.a(libc_a-mallocr.o)
                0x08007ba8                _malloc_r
 .text.__ascii_mbtowc
                0x08007ca8       0x24 C:/ST/STM32CubeIDE_1.17.0/STM32CubeIDE/plugins/com.st.stm32cube.ide.mcu.externaltools.gnu-tools-for-stm32.13.3.rel1.win32_1.0.0.202411081344/tools/bin/../lib/gcc/arm-none-eabi/13.3.1/../../../../arm-none-eabi/lib/thumb/v7e-m+fp/hard\libc_nano.a(libc_a-mbtowc_r.o)
                0x08007ca8                __ascii_mbtowc
 .text.__malloc_lock
                0x08007ccc        0xc C:/ST/STM32CubeIDE_1.17.0/STM32CubeIDE/plugins/com.st.stm32cube.ide.mcu.externaltools.gnu-tools-for-stm32.13.3.rel1.win32_1.0.0.202411081344/tools/bin/../lib/gcc/arm-none-eabi/13.3.1/../../../../arm-none-eabi/lib/thumb/v7e-m+fp/hard\libc_nano.a(libc_a-mlock.o)
                0x08007ccc                __malloc_lock
 .text.__malloc_unlock
                0x08007cd8        0xc C:/ST/STM32CubeIDE_1.17.0/STM32CubeIDE/plugins/com.st.stm32cube.ide.mcu.externaltools.gnu-tools-for-stm32.13.3.rel1.win32_1.0.0.202411081344/tools/bin/../lib/gcc/arm-none-eabi/13.3.1/../../../../arm-none-eabi/lib/thumb/v7e-m+fp/hard\libc_nano.a(libc_a-mlock.o)
                0x08007cd8                __malloc_unlock
 .text._Balloc  0x08007ce4       0x80 C:/ST/STM32CubeIDE_1.17.0/STM32CubeIDE/plugins/com.st.stm32cube.ide.mcu.externaltools.gnu-tools-for-stm32.13.3.rel1.win32_1.0.0.202411081344/tools/bin/../lib/gcc/arm-none-eabi/13.3.1/../../../../arm-none-eabi/lib/thumb/v7e-m+fp/hard\libc_nano.a(libc_a-mprec.o)
                0x08007ce4                _Balloc
 .text._Bfree   0x08007d64       0x44 C:/ST/STM32CubeIDE_1.17.0/STM32CubeIDE/plugins/com.st.stm32cube.ide.mcu.externaltools.gnu-tools-for-stm32.13.3.rel1.win32_1.0.0.202411081344/tools/bin/../lib/gcc/arm-none-eabi/13.3.1/../../../../arm-none-eabi/lib/thumb/v7e-m+fp/hard\libc_nano.a(libc_a-mprec.o)
                0x08007d64                _Bfree
 .text.__multadd
                0x08007da8       0x8c C:/ST/STM32CubeIDE_1.17.0/STM32CubeIDE/plugins/com.st.stm32cube.ide.mcu.externaltools.gnu-tools-for-stm32.13.3.rel1.win32_1.0.0.202411081344/tools/bin/../lib/gcc/arm-none-eabi/13.3.1/../../../../arm-none-eabi/lib/thumb/v7e-m+fp/hard\libc_nano.a(libc_a-mprec.o)
                0x08007da8                __multadd
 .text.__s2b    0x08007e34       0x94 C:/ST/STM32CubeIDE_1.17.0/STM32CubeIDE/plugins/com.st.stm32cube.ide.mcu.externaltools.gnu-tools-for-stm32.13.3.rel1.win32_1.0.0.202411081344/tools/bin/../lib/gcc/arm-none-eabi/13.3.1/../../../../arm-none-eabi/lib/thumb/v7e-m+fp/hard\libc_nano.a(libc_a-mprec.o)
                0x08007e34                __s2b
 .text.__hi0bits
                0x08007ec8       0x3e C:/ST/STM32CubeIDE_1.17.0/STM32CubeIDE/plugins/com.st.stm32cube.ide.mcu.externaltools.gnu-tools-for-stm32.13.3.rel1.win32_1.0.0.202411081344/tools/bin/../lib/gcc/arm-none-eabi/13.3.1/../../../../arm-none-eabi/lib/thumb/v7e-m+fp/hard\libc_nano.a(libc_a-mprec.o)
                0x08007ec8                __hi0bits
 .text.__lo0bits
                0x08007f06       0x5a C:/ST/STM32CubeIDE_1.17.0/STM32CubeIDE/plugins/com.st.stm32cube.ide.mcu.externaltools.gnu-tools-for-stm32.13.3.rel1.win32_1.0.0.202411081344/tools/bin/../lib/gcc/arm-none-eabi/13.3.1/../../../../arm-none-eabi/lib/thumb/v7e-m+fp/hard\libc_nano.a(libc_a-mprec.o)
                0x08007f06                __lo0bits
 .text.__i2b    0x08007f60       0x2c C:/ST/STM32CubeIDE_1.17.0/STM32CubeIDE/plugins/com.st.stm32cube.ide.mcu.externaltools.gnu-tools-for-stm32.13.3.rel1.win32_1.0.0.202411081344/tools/bin/../lib/gcc/arm-none-eabi/13.3.1/../../../../arm-none-eabi/lib/thumb/v7e-m+fp/hard\libc_nano.a(libc_a-mprec.o)
                0x08007f60                __i2b
 .text.__multiply
                0x08007f8c      0x144 C:/ST/STM32CubeIDE_1.17.0/STM32CubeIDE/plugins/com.st.stm32cube.ide.mcu.externaltools.gnu-tools-for-stm32.13.3.rel1.win32_1.0.0.202411081344/tools/bin/../lib/gcc/arm-none-eabi/13.3.1/../../../../arm-none-eabi/lib/thumb/v7e-m+fp/hard\libc_nano.a(libc_a-mprec.o)
                0x08007f8c                __multiply
 .text.__pow5mult
                0x080080d0       0xb4 C:/ST/STM32CubeIDE_1.17.0/STM32CubeIDE/plugins/com.st.stm32cube.ide.mcu.externaltools.gnu-tools-for-stm32.13.3.rel1.win32_1.0.0.202411081344/tools/bin/../lib/gcc/arm-none-eabi/13.3.1/../../../../arm-none-eabi/lib/thumb/v7e-m+fp/hard\libc_nano.a(libc_a-mprec.o)
                0x080080d0                __pow5mult
 .text.__lshift
                0x08008184       0xd8 C:/ST/STM32CubeIDE_1.17.0/STM32CubeIDE/plugins/com.st.stm32cube.ide.mcu.externaltools.gnu-tools-for-stm32.13.3.rel1.win32_1.0.0.202411081344/tools/bin/../lib/gcc/arm-none-eabi/13.3.1/../../../../arm-none-eabi/lib/thumb/v7e-m+fp/hard\libc_nano.a(libc_a-mprec.o)
                0x08008184                __lshift
 .text.__mcmp   0x0800825c       0x36 C:/ST/STM32CubeIDE_1.17.0/STM32CubeIDE/plugins/com.st.stm32cube.ide.mcu.externaltools.gnu-tools-for-stm32.13.3.rel1.win32_1.0.0.202411081344/tools/bin/../lib/gcc/arm-none-eabi/13.3.1/../../../../arm-none-eabi/lib/thumb/v7e-m+fp/hard\libc_nano.a(libc_a-mprec.o)
                0x0800825c                __mcmp
 *fill*         0x08008292        0x2 
 .text.__mdiff  0x08008294      0x128 C:/ST/STM32CubeIDE_1.17.0/STM32CubeIDE/plugins/com.st.stm32cube.ide.mcu.externaltools.gnu-tools-for-stm32.13.3.rel1.win32_1.0.0.202411081344/tools/bin/../lib/gcc/arm-none-eabi/13.3.1/../../../../arm-none-eabi/lib/thumb/v7e-m+fp/hard\libc_nano.a(libc_a-mprec.o)
                0x08008294                __mdiff
 .text.__ulp    0x080083bc       0x4c C:/ST/STM32CubeIDE_1.17.0/STM32CubeIDE/plugins/com.st.stm32cube.ide.mcu.externaltools.gnu-tools-for-stm32.13.3.rel1.win32_1.0.0.202411081344/tools/bin/../lib/gcc/arm-none-eabi/13.3.1/../../../../arm-none-eabi/lib/thumb/v7e-m+fp/hard\libc_nano.a(libc_a-mprec.o)
                0x080083bc                __ulp
 .text.__b2d    0x08008408       0x94 C:/ST/STM32CubeIDE_1.17.0/STM32CubeIDE/plugins/com.st.stm32cube.ide.mcu.externaltools.gnu-tools-for-stm32.13.3.rel1.win32_1.0.0.202411081344/tools/bin/../lib/gcc/arm-none-eabi/13.3.1/../../../../arm-none-eabi/lib/thumb/v7e-m+fp/hard\libc_nano.a(libc_a-mprec.o)
                0x08008408                __b2d
 .text.__d2b    0x0800849c       0xb0 C:/ST/STM32CubeIDE_1.17.0/STM32CubeIDE/plugins/com.st.stm32cube.ide.mcu.externaltools.gnu-tools-for-stm32.13.3.rel1.win32_1.0.0.202411081344/tools/bin/../lib/gcc/arm-none-eabi/13.3.1/../../../../arm-none-eabi/lib/thumb/v7e-m+fp/hard\libc_nano.a(libc_a-mprec.o)
                0x0800849c                __d2b
 .text.__ratio  0x0800854c       0x64 C:/ST/STM32CubeIDE_1.17.0/STM32CubeIDE/plugins/com.st.stm32cube.ide.mcu.externaltools.gnu-tools-for-stm32.13.3.rel1.win32_1.0.0.202411081344/tools/bin/../lib/gcc/arm-none-eabi/13.3.1/../../../../arm-none-eabi/lib/thumb/v7e-m+fp/hard\libc_nano.a(libc_a-mprec.o)
                0x0800854c                __ratio
 .text.__copybits
                0x080085b0       0x46 C:/ST/STM32CubeIDE_1.17.0/STM32CubeIDE/plugins/com.st.stm32cube.ide.mcu.externaltools.gnu-tools-for-stm32.13.3.rel1.win32_1.0.0.202411081344/tools/bin/../lib/gcc/arm-none-eabi/13.3.1/../../../../arm-none-eabi/lib/thumb/v7e-m+fp/hard\libc_nano.a(libc_a-mprec.o)
                0x080085b0                __copybits
 .text.__any_on
                0x080085f6       0x42 C:/ST/STM32CubeIDE_1.17.0/STM32CubeIDE/plugins/com.st.stm32cube.ide.mcu.externaltools.gnu-tools-for-stm32.13.3.rel1.win32_1.0.0.202411081344/tools/bin/../lib/gcc/arm-none-eabi/13.3.1/../../../../arm-none-eabi/lib/thumb/v7e-m+fp/hard\libc_nano.a(libc_a-mprec.o)
                0x080085f6                __any_on
 .text.__ascii_wctomb
                0x08008638       0x1a C:/ST/STM32CubeIDE_1.17.0/STM32CubeIDE/plugins/com.st.stm32cube.ide.mcu.externaltools.gnu-tools-for-stm32.13.3.rel1.win32_1.0.0.202411081344/tools/bin/../lib/gcc/arm-none-eabi/13.3.1/../../../../arm-none-eabi/lib/thumb/v7e-m+fp/hard\libc_nano.a(libc_a-wctomb_r.o)
                0x08008638                __ascii_wctomb
 *fill*         0x08008652        0x2 
 .text.__sflush_r
                0x08008654      0x108 C:/ST/STM32CubeIDE_1.17.0/STM32CubeIDE/plugins/com.st.stm32cube.ide.mcu.externaltools.gnu-tools-for-stm32.13.3.rel1.win32_1.0.0.202411081344/tools/bin/../lib/gcc/arm-none-eabi/13.3.1/../../../../arm-none-eabi/lib/thumb/v7e-m+fp/hard\libc_nano.a(libc_a-fflush.o)
                0x08008654                __sflush_r
 .text._fflush_r
                0x0800875c       0x50 C:/ST/STM32CubeIDE_1.17.0/STM32CubeIDE/plugins/com.st.stm32cube.ide.mcu.externaltools.gnu-tools-for-stm32.13.3.rel1.win32_1.0.0.202411081344/tools/bin/../lib/gcc/arm-none-eabi/13.3.1/../../../../arm-none-eabi/lib/thumb/v7e-m+fp/hard\libc_nano.a(libc_a-fflush.o)
                0x0800875c                _fflush_r
 .text._sbrk_r  0x080087ac       0x20 C:/ST/STM32CubeIDE_1.17.0/STM32CubeIDE/plugins/com.st.stm32cube.ide.mcu.externaltools.gnu-tools-for-stm32.13.3.rel1.win32_1.0.0.202411081344/tools/bin/../lib/gcc/arm-none-eabi/13.3.1/../../../../arm-none-eabi/lib/thumb/v7e-m+fp/hard\libc_nano.a(libc_a-sbrkr.o)
                0x080087ac                _sbrk_r
 .text.__assert_func
                0x080087cc       0x3c C:/ST/STM32CubeIDE_1.17.0/STM32CubeIDE/plugins/com.st.stm32cube.ide.mcu.externaltools.gnu-tools-for-stm32.13.3.rel1.win32_1.0.0.202411081344/tools/bin/../lib/gcc/arm-none-eabi/13.3.1/../../../../arm-none-eabi/lib/thumb/v7e-m+fp/hard\libc_nano.a(libc_a-assert.o)
                0x080087cc                __assert_func
 .text._calloc_r
                0x08008808       0x28 C:/ST/STM32CubeIDE_1.17.0/STM32CubeIDE/plugins/com.st.stm32cube.ide.mcu.externaltools.gnu-tools-for-stm32.13.3.rel1.win32_1.0.0.202411081344/tools/bin/../lib/gcc/arm-none-eabi/13.3.1/../../../../arm-none-eabi/lib/thumb/v7e-m+fp/hard\libc_nano.a(libc_a-callocr.o)
                0x08008808                _calloc_r
 .text.malloc   0x08008830       0x10 C:/ST/STM32CubeIDE_1.17.0/STM32CubeIDE/plugins/com.st.stm32cube.ide.mcu.externaltools.gnu-tools-for-stm32.13.3.rel1.win32_1.0.0.202411081344/tools/bin/../lib/gcc/arm-none-eabi/13.3.1/../../../../arm-none-eabi/lib/thumb/v7e-m+fp/hard\libc_nano.a(libc_a-malloc.o)
                0x08008830                malloc
 .text.fprintf  0x08008840       0x24 C:/ST/STM32CubeIDE_1.17.0/STM32CubeIDE/plugins/com.st.stm32cube.ide.mcu.externaltools.gnu-tools-for-stm32.13.3.rel1.win32_1.0.0.202411081344/tools/bin/../lib/gcc/arm-none-eabi/13.3.1/../../../../arm-none-eabi/lib/thumb/v7e-m+fp/hard\libc_nano.a(libc_a-fprintf.o)
                0x08008840                fiprintf
                0x08008840                fprintf
 .text.abort    0x08008864        0xe C:/ST/STM32CubeIDE_1.17.0/STM32CubeIDE/plugins/com.st.stm32cube.ide.mcu.externaltools.gnu-tools-for-stm32.13.3.rel1.win32_1.0.0.202411081344/tools/bin/../lib/gcc/arm-none-eabi/13.3.1/../../../../arm-none-eabi/lib/thumb/v7e-m+fp/hard\libc_nano.a(libc_a-abort.o)
                0x08008864                abort
 .text.__sfputc_r
                0x08008872       0x2e C:/ST/STM32CubeIDE_1.17.0/STM32CubeIDE/plugins/com.st.stm32cube.ide.mcu.externaltools.gnu-tools-for-stm32.13.3.rel1.win32_1.0.0.202411081344/tools/bin/../lib/gcc/arm-none-eabi/13.3.1/../../../../arm-none-eabi/lib/thumb/v7e-m+fp/hard\libc_nano.a(libc_a-nano-vfprintf.o)
 .text.__sfputs_r
                0x080088a0       0x24 C:/ST/STM32CubeIDE_1.17.0/STM32CubeIDE/plugins/com.st.stm32cube.ide.mcu.externaltools.gnu-tools-for-stm32.13.3.rel1.win32_1.0.0.202411081344/tools/bin/../lib/gcc/arm-none-eabi/13.3.1/../../../../arm-none-eabi/lib/thumb/v7e-m+fp/hard\libc_nano.a(libc_a-nano-vfprintf.o)
                0x080088a0                __sfputs_r
 .text._vfprintf_r
                0x080088c4      0x230 C:/ST/STM32CubeIDE_1.17.0/STM32CubeIDE/plugins/com.st.stm32cube.ide.mcu.externaltools.gnu-tools-for-stm32.13.3.rel1.win32_1.0.0.202411081344/tools/bin/../lib/gcc/arm-none-eabi/13.3.1/../../../../arm-none-eabi/lib/thumb/v7e-m+fp/hard\libc_nano.a(libc_a-nano-vfprintf.o)
                0x080088c4                _vfprintf_r
                0x080088c4                _vfiprintf_r
 .text._printf_common
                0x08008af4       0xda C:/ST/STM32CubeIDE_1.17.0/STM32CubeIDE/plugins/com.st.stm32cube.ide.mcu.externaltools.gnu-tools-for-stm32.13.3.rel1.win32_1.0.0.202411081344/tools/bin/../lib/gcc/arm-none-eabi/13.3.1/../../../../arm-none-eabi/lib/thumb/v7e-m+fp/hard\libc_nano.a(libc_a-nano-vfprintf_i.o)
                0x08008af4                _printf_common
 *fill*         0x08008bce        0x2 
 .text._printf_i
                0x08008bd0      0x23c C:/ST/STM32CubeIDE_1.17.0/STM32CubeIDE/plugins/com.st.stm32cube.ide.mcu.externaltools.gnu-tools-for-stm32.13.3.rel1.win32_1.0.0.202411081344/tools/bin/../lib/gcc/arm-none-eabi/13.3.1/../../../../arm-none-eabi/lib/thumb/v7e-m+fp/hard\libc_nano.a(libc_a-nano-vfprintf_i.o)
                0x08008bd0                _printf_i
 .text.__swbuf_r
                0x08008e0c       0x7c C:/ST/STM32CubeIDE_1.17.0/STM32CubeIDE/plugins/com.st.stm32cube.ide.mcu.externaltools.gnu-tools-for-stm32.13.3.rel1.win32_1.0.0.202411081344/tools/bin/../lib/gcc/arm-none-eabi/13.3.1/../../../../arm-none-eabi/lib/thumb/v7e-m+fp/hard\libc_nano.a(libc_a-wbuf.o)
                0x08008e0c                __swbuf_r
 .text.__swsetup_r
                0x08008e88       0xac C:/ST/STM32CubeIDE_1.17.0/STM32CubeIDE/plugins/com.st.stm32cube.ide.mcu.externaltools.gnu-tools-for-stm32.13.3.rel1.win32_1.0.0.202411081344/tools/bin/../lib/gcc/arm-none-eabi/13.3.1/../../../../arm-none-eabi/lib/thumb/v7e-m+fp/hard\libc_nano.a(libc_a-wsetup.o)
                0x08008e88                __swsetup_r
 .text._raise_r
                0x08008f34       0x50 C:/ST/STM32CubeIDE_1.17.0/STM32CubeIDE/plugins/com.st.stm32cube.ide.mcu.externaltools.gnu-tools-for-stm32.13.3.rel1.win32_1.0.0.202411081344/tools/bin/../lib/gcc/arm-none-eabi/13.3.1/../../../../arm-none-eabi/lib/thumb/v7e-m+fp/hard\libc_nano.a(libc_a-signal.o)
                0x08008f34                _raise_r
 .text.raise    0x08008f84       0x10 C:/ST/STM32CubeIDE_1.17.0/STM32CubeIDE/plugins/com.st.stm32cube.ide.mcu.externaltools.gnu-tools-for-stm32.13.3.rel1.win32_1.0.0.202411081344/tools/bin/../lib/gcc/arm-none-eabi/13.3.1/../../../../arm-none-eabi/lib/thumb/v7e-m+fp/hard\libc_nano.a(libc_a-signal.o)
                0x08008f84                raise
 .text._kill_r  0x08008f94       0x24 C:/ST/STM32CubeIDE_1.17.0/STM32CubeIDE/plugins/com.st.stm32cube.ide.mcu.externaltools.gnu-tools-for-stm32.13.3.rel1.win32_1.0.0.202411081344/tools/bin/../lib/gcc/arm-none-eabi/13.3.1/../../../../arm-none-eabi/lib/thumb/v7e-m+fp/hard\libc_nano.a(libc_a-signalr.o)
                0x08008f94                _kill_r
 .text._getpid_r
                0x08008fb8        0x4 C:/ST/STM32CubeIDE_1.17.0/STM32CubeIDE/plugins/com.st.stm32cube.ide.mcu.externaltools.gnu-tools-for-stm32.13.3.rel1.win32_1.0.0.202411081344/tools/bin/../lib/gcc/arm-none-eabi/13.3.1/../../../../arm-none-eabi/lib/thumb/v7e-m+fp/hard\libc_nano.a(libc_a-signalr.o)
                0x08008fb8                _getpid_r
 .text.__swhatbuf_r
                0x08008fbc       0x4c C:/ST/STM32CubeIDE_1.17.0/STM32CubeIDE/plugins/com.st.stm32cube.ide.mcu.externaltools.gnu-tools-for-stm32.13.3.rel1.win32_1.0.0.202411081344/tools/bin/../lib/gcc/arm-none-eabi/13.3.1/../../../../arm-none-eabi/lib/thumb/v7e-m+fp/hard\libc_nano.a(libc_a-makebuf.o)
                0x08008fbc                __swhatbuf_r
 .text.__smakebuf_r
                0x08009008       0x78 C:/ST/STM32CubeIDE_1.17.0/STM32CubeIDE/plugins/com.st.stm32cube.ide.mcu.externaltools.gnu-tools-for-stm32.13.3.rel1.win32_1.0.0.202411081344/tools/bin/../lib/gcc/arm-none-eabi/13.3.1/../../../../arm-none-eabi/lib/thumb/v7e-m+fp/hard\libc_nano.a(libc_a-makebuf.o)
                0x08009008                __smakebuf_r
 .text._fstat_r
                0x08009080       0x24 C:/ST/STM32CubeIDE_1.17.0/STM32CubeIDE/plugins/com.st.stm32cube.ide.mcu.externaltools.gnu-tools-for-stm32.13.3.rel1.win32_1.0.0.202411081344/tools/bin/../lib/gcc/arm-none-eabi/13.3.1/../../../../arm-none-eabi/lib/thumb/v7e-m+fp/hard\libc_nano.a(libc_a-fstatr.o)
                0x08009080                _fstat_r
 .text._isatty_r
                0x080090a4       0x20 C:/ST/STM32CubeIDE_1.17.0/STM32CubeIDE/plugins/com.st.stm32cube.ide.mcu.externaltools.gnu-tools-for-stm32.13.3.rel1.win32_1.0.0.202411081344/tools/bin/../lib/gcc/arm-none-eabi/13.3.1/../../../../arm-none-eabi/lib/thumb/v7e-m+fp/hard\libc_nano.a(libc_a-isattyr.o)
                0x080090a4                _isatty_r
 .text.logf     0x080090c4       0x5c C:/ST/STM32CubeIDE_1.17.0/STM32CubeIDE/plugins/com.st.stm32cube.ide.mcu.externaltools.gnu-tools-for-stm32.13.3.rel1.win32_1.0.0.202411081344/tools/bin/../lib/gcc/arm-none-eabi/13.3.1/../../../../arm-none-eabi/lib/thumb/v7e-m+fp/hard\libm.a(libm_a-wf_log.o)
                0x080090c4                logf
 .text.__ieee754_logf
                0x08009120      0x1e4 C:/ST/STM32CubeIDE_1.17.0/STM32CubeIDE/plugins/com.st.stm32cube.ide.mcu.externaltools.gnu-tools-for-stm32.13.3.rel1.win32_1.0.0.202411081344/tools/bin/../lib/gcc/arm-none-eabi/13.3.1/../../../../arm-none-eabi/lib/thumb/v7e-m+fp/hard\libm.a(libm_a-ef_log.o)
                0x08009120                __ieee754_logf
 *(.glue_7)
 .glue_7        0x08009304        0x0 linker stubs
 *(.glue_7t)
 .glue_7t       0x08009304        0x0 linker stubs
 *(.eh_frame)
 .eh_frame      0x08009304        0x0 C:/ST/STM32CubeIDE_1.17.0/STM32CubeIDE/plugins/com.st.stm32cube.ide.mcu.externaltools.gnu-tools-for-stm32.13.3.rel1.win32_1.0.0.202411081344/tools/bin/../lib/gcc/arm-none-eabi/13.3.1/thumb/v7e-m+fp/hard/crtbegin.o
 *(.init)
 .init          0x08009304        0x4 C:/ST/STM32CubeIDE_1.17.0/STM32CubeIDE/plugins/com.st.stm32cube.ide.mcu.externaltools.gnu-tools-for-stm32.13.3.rel1.win32_1.0.0.202411081344/tools/bin/../lib/gcc/arm-none-eabi/13.3.1/thumb/v7e-m+fp/hard/crti.o
                0x08009304                _init
 .init          0x08009308        0x8 C:/ST/STM32CubeIDE_1.17.0/STM32CubeIDE/plugins/com.st.stm32cube.ide.mcu.externaltools.gnu-tools-for-stm32.13.3.rel1.win32_1.0.0.202411081344/tools/bin/../lib/gcc/arm-none-eabi/13.3.1/thumb/v7e-m+fp/hard/crtn.o
 *(.fini)
 .fini          0x08009310        0x4 C:/ST/STM32CubeIDE_1.17.0/STM32CubeIDE/plugins/com.st.stm32cube.ide.mcu.externaltools.gnu-tools-for-stm32.13.3.rel1.win32_1.0.0.202411081344/tools/bin/../lib/gcc/arm-none-eabi/13.3.1/thumb/v7e-m+fp/hard/crti.o
                0x08009310                _fini
 .fini          0x08009314        0x8 C:/ST/STM32CubeIDE_1.17.0/STM32CubeIDE/plugins/com.st.stm32cube.ide.mcu.externaltools.gnu-tools-for-stm32.13.3.rel1.win32_1.0.0.202411081344/tools/bin/../lib/gcc/arm-none-eabi/13.3.1/thumb/v7e-m+fp/hard/crtn.o
                0x0800931c                        . = ALIGN (0x4)
                0x0800931c                        _etext = .

.vfp11_veneer   0x0800931c        0x0
 .vfp11_veneer  0x0800931c        0x0 linker stubs

.v4_bx          0x0800931c        0x0
 .v4_bx         0x0800931c        0x0 linker stubs

.iplt           0x0800931c        0x0
 .iplt          0x0800931c        0x0 C:/ST/STM32CubeIDE_1.17.0/STM32CubeIDE/plugins/com.st.stm32cube.ide.mcu.externaltools.gnu-tools-for-stm32.13.3.rel1.win32_1.0.0.202411081344/tools/bin/../lib/gcc/arm-none-eabi/13.3.1/thumb/v7e-m+fp/hard/crtbegin.o

.rodata         0x08009320      0x8b8
                0x08009320                        . = ALIGN (0x4)
 *(.rodata)
 .rodata        0x08009320       0x24 ./Source/ADS8327/ads8327.o
 .rodata        0x08009344      0x475 ./Source/CMDLine/command.o
 *fill*         0x080097b9        0x3 
 .rodata        0x080097bc       0x1e ./Source/UART/UART.o
 *(.rodata*)
 *fill*         0x080097da        0x2 
 .rodata.STREAM_OFFSET_TAB
                0x080097dc        0x8 ./Core/Src/main.o
 .rodata.AHBPrescTable
                0x080097e4       0x10 ./Core/Src/system_stm32f4xx.o
                0x080097e4                AHBPrescTable
 .rodata.APBPrescTable
                0x080097f4        0x8 ./Core/Src/system_stm32f4xx.o
                0x080097f4                APBPrescTable
 .rodata.STREAM_OFFSET_TAB
                0x080097fc        0x8 ./Source/ADC_DMA_Device/adc_dma_device.o
 *fill*         0x08009804        0x4 
 .rodata.rounders
                0x08009808       0x18 ./Source/CMDLine/command.o
 .rodata._strtod_l.str1.1
                0x08009820      0x166 C:/ST/STM32CubeIDE_1.17.0/STM32CubeIDE/plugins/com.st.stm32cube.ide.mcu.externaltools.gnu-tools-for-stm32.13.3.rel1.win32_1.0.0.202411081344/tools/bin/../lib/gcc/arm-none-eabi/13.3.1/../../../../arm-none-eabi/lib/thumb/v7e-m+fp/hard\libc_nano.a(libc_a-strtod.o)
                                  0xf (size before relaxing)
 *fill*         0x08009986        0x2 
 .rodata.fpinan.0
                0x08009988       0x14 C:/ST/STM32CubeIDE_1.17.0/STM32CubeIDE/plugins/com.st.stm32cube.ide.mcu.externaltools.gnu-tools-for-stm32.13.3.rel1.win32_1.0.0.202411081344/tools/bin/../lib/gcc/arm-none-eabi/13.3.1/../../../../arm-none-eabi/lib/thumb/v7e-m+fp/hard\libc_nano.a(libc_a-strtod.o)
 .rodata.fpi.1  0x0800999c       0x14 C:/ST/STM32CubeIDE_1.17.0/STM32CubeIDE/plugins/com.st.stm32cube.ide.mcu.externaltools.gnu-tools-for-stm32.13.3.rel1.win32_1.0.0.202411081344/tools/bin/../lib/gcc/arm-none-eabi/13.3.1/../../../../arm-none-eabi/lib/thumb/v7e-m+fp/hard\libc_nano.a(libc_a-strtod.o)
 .rodata.tinytens
                0x080099b0       0x28 C:/ST/STM32CubeIDE_1.17.0/STM32CubeIDE/plugins/com.st.stm32cube.ide.mcu.externaltools.gnu-tools-for-stm32.13.3.rel1.win32_1.0.0.202411081344/tools/bin/../lib/gcc/arm-none-eabi/13.3.1/../../../../arm-none-eabi/lib/thumb/v7e-m+fp/hard\libc_nano.a(libc_a-strtod.o)
 .rodata._ctype_
                0x080099d8      0x101 C:/ST/STM32CubeIDE_1.17.0/STM32CubeIDE/plugins/com.st.stm32cube.ide.mcu.externaltools.gnu-tools-for-stm32.13.3.rel1.win32_1.0.0.202411081344/tools/bin/../lib/gcc/arm-none-eabi/13.3.1/../../../../arm-none-eabi/lib/thumb/v7e-m+fp/hard\libc_nano.a(libc_a-ctype_.o)
                0x080099d8                _ctype_
 .rodata._setlocale_r.str1.1
                0x08009ad9        0x9 C:/ST/STM32CubeIDE_1.17.0/STM32CubeIDE/plugins/com.st.stm32cube.ide.mcu.externaltools.gnu-tools-for-stm32.13.3.rel1.win32_1.0.0.202411081344/tools/bin/../lib/gcc/arm-none-eabi/13.3.1/../../../../arm-none-eabi/lib/thumb/v7e-m+fp/hard\libc_nano.a(libc_a-locale.o)
 .rodata.str1.1
                0x08009ad9        0x2 C:/ST/STM32CubeIDE_1.17.0/STM32CubeIDE/plugins/com.st.stm32cube.ide.mcu.externaltools.gnu-tools-for-stm32.13.3.rel1.win32_1.0.0.202411081344/tools/bin/../lib/gcc/arm-none-eabi/13.3.1/../../../../arm-none-eabi/lib/thumb/v7e-m+fp/hard\libc_nano.a(libc_a-locale.o)
 .rodata.__gethex.str1.1
                0x08009ad9       0x73 C:/ST/STM32CubeIDE_1.17.0/STM32CubeIDE/plugins/com.st.stm32cube.ide.mcu.externaltools.gnu-tools-for-stm32.13.3.rel1.win32_1.0.0.202411081344/tools/bin/../lib/gcc/arm-none-eabi/13.3.1/../../../../arm-none-eabi/lib/thumb/v7e-m+fp/hard\libc_nano.a(libc_a-gdtoa-gethex.o)
 .rodata._Balloc.str1.1
                0x08009ad9       0x70 C:/ST/STM32CubeIDE_1.17.0/STM32CubeIDE/plugins/com.st.stm32cube.ide.mcu.externaltools.gnu-tools-for-stm32.13.3.rel1.win32_1.0.0.202411081344/tools/bin/../lib/gcc/arm-none-eabi/13.3.1/../../../../arm-none-eabi/lib/thumb/v7e-m+fp/hard\libc_nano.a(libc_a-mprec.o)
 .rodata.__multadd.str1.1
                0x08009ad9       0x11 C:/ST/STM32CubeIDE_1.17.0/STM32CubeIDE/plugins/com.st.stm32cube.ide.mcu.externaltools.gnu-tools-for-stm32.13.3.rel1.win32_1.0.0.202411081344/tools/bin/../lib/gcc/arm-none-eabi/13.3.1/../../../../arm-none-eabi/lib/thumb/v7e-m+fp/hard\libc_nano.a(libc_a-mprec.o)
 *fill*         0x08009ad9        0x3 
 .rodata.p05.0  0x08009adc        0xc C:/ST/STM32CubeIDE_1.17.0/STM32CubeIDE/plugins/com.st.stm32cube.ide.mcu.externaltools.gnu-tools-for-stm32.13.3.rel1.win32_1.0.0.202411081344/tools/bin/../lib/gcc/arm-none-eabi/13.3.1/../../../../arm-none-eabi/lib/thumb/v7e-m+fp/hard\libc_nano.a(libc_a-mprec.o)
 .rodata.__mprec_bigtens
                0x08009ae8       0x28 C:/ST/STM32CubeIDE_1.17.0/STM32CubeIDE/plugins/com.st.stm32cube.ide.mcu.externaltools.gnu-tools-for-stm32.13.3.rel1.win32_1.0.0.202411081344/tools/bin/../lib/gcc/arm-none-eabi/13.3.1/../../../../arm-none-eabi/lib/thumb/v7e-m+fp/hard\libc_nano.a(libc_a-mprec.o)
                0x08009ae8                __mprec_bigtens
 .rodata.__mprec_tens
                0x08009b10       0xc8 C:/ST/STM32CubeIDE_1.17.0/STM32CubeIDE/plugins/com.st.stm32cube.ide.mcu.externaltools.gnu-tools-for-stm32.13.3.rel1.win32_1.0.0.202411081344/tools/bin/../lib/gcc/arm-none-eabi/13.3.1/../../../../arm-none-eabi/lib/thumb/v7e-m+fp/hard\libc_nano.a(libc_a-mprec.o)
                0x08009b10                __mprec_tens
 .rodata.__assert_func.str1.1
                0x08009bd8       0x3d C:/ST/STM32CubeIDE_1.17.0/STM32CubeIDE/plugins/com.st.stm32cube.ide.mcu.externaltools.gnu-tools-for-stm32.13.3.rel1.win32_1.0.0.202411081344/tools/bin/../lib/gcc/arm-none-eabi/13.3.1/../../../../arm-none-eabi/lib/thumb/v7e-m+fp/hard\libc_nano.a(libc_a-assert.o)
 .rodata._vfprintf_r.str1.1
                0x08009bd8       0x11 C:/ST/STM32CubeIDE_1.17.0/STM32CubeIDE/plugins/com.st.stm32cube.ide.mcu.externaltools.gnu-tools-for-stm32.13.3.rel1.win32_1.0.0.202411081344/tools/bin/../lib/gcc/arm-none-eabi/13.3.1/../../../../arm-none-eabi/lib/thumb/v7e-m+fp/hard\libc_nano.a(libc_a-nano-vfprintf.o)
 .rodata._printf_i.str1.1
                0x08009bd8       0x22 C:/ST/STM32CubeIDE_1.17.0/STM32CubeIDE/plugins/com.st.stm32cube.ide.mcu.externaltools.gnu-tools-for-stm32.13.3.rel1.win32_1.0.0.202411081344/tools/bin/../lib/gcc/arm-none-eabi/13.3.1/../../../../arm-none-eabi/lib/thumb/v7e-m+fp/hard\libc_nano.a(libc_a-nano-vfprintf_i.o)
 .rodata.logf.str1.1
                0x08009bd8        0x1 C:/ST/STM32CubeIDE_1.17.0/STM32CubeIDE/plugins/com.st.stm32cube.ide.mcu.externaltools.gnu-tools-for-stm32.13.3.rel1.win32_1.0.0.202411081344/tools/bin/../lib/gcc/arm-none-eabi/13.3.1/../../../../arm-none-eabi/lib/thumb/v7e-m+fp/hard\libm.a(libm_a-wf_log.o)
                0x08009c18                        . = ALIGN (0x4)

.ARM.extab      0x08009bd8        0x0
                0x08009bd8                        . = ALIGN (0x4)
 *(.ARM.extab* .gnu.linkonce.armextab.*)
                0x08009bd8                        . = ALIGN (0x4)

.ARM            0x08009bd8        0x8
                0x08009bd8                        . = ALIGN (0x4)
                0x08009bd8                        __exidx_start = .
 *(.ARM.exidx*)
 .ARM.exidx     0x08009bd8        0x8 C:/ST/STM32CubeIDE_1.17.0/STM32CubeIDE/plugins/com.st.stm32cube.ide.mcu.externaltools.gnu-tools-for-stm32.13.3.rel1.win32_1.0.0.202411081344/tools/bin/../lib/gcc/arm-none-eabi/13.3.1/../../../../arm-none-eabi/lib/thumb/v7e-m+fp/hard\libc_nano.a(libc_a-strcmp.o)
 .ARM.exidx     0x08009be0        0x0 C:/ST/STM32CubeIDE_1.17.0/STM32CubeIDE/plugins/com.st.stm32cube.ide.mcu.externaltools.gnu-tools-for-stm32.13.3.rel1.win32_1.0.0.202411081344/tools/bin/../lib/gcc/arm-none-eabi/13.3.1/../../../../arm-none-eabi/lib/thumb/v7e-m+fp/hard\libc_nano.a(libc_a-memchr.o)
                                  0x8 (size before relaxing)
 .ARM.exidx     0x08009be0        0x0 C:/ST/STM32CubeIDE_1.17.0/STM32CubeIDE/plugins/com.st.stm32cube.ide.mcu.externaltools.gnu-tools-for-stm32.13.3.rel1.win32_1.0.0.202411081344/tools/bin/../lib/gcc/arm-none-eabi/13.3.1/thumb/v7e-m+fp/hard\libgcc.a(_udivmoddi4.o)
                                  0x8 (size before relaxing)
                0x08009be0                        __exidx_end = .
                0x08009be0                        . = ALIGN (0x4)

.preinit_array  0x08009be0        0x0
                0x08009be0                        . = ALIGN (0x4)
                0x08009be0                        PROVIDE (__preinit_array_start = .)
 *(.preinit_array*)
                0x08009be0                        PROVIDE (__preinit_array_end = .)
                0x08009be0                        . = ALIGN (0x4)

.init_array     0x08009be0        0x4
                0x08009be0                        . = ALIGN (0x4)
                0x08009be0                        PROVIDE (__init_array_start = .)
 *(SORT_BY_NAME(.init_array.*))
 *(.init_array*)
 .init_array    0x08009be0        0x4 C:/ST/STM32CubeIDE_1.17.0/STM32CubeIDE/plugins/com.st.stm32cube.ide.mcu.externaltools.gnu-tools-for-stm32.13.3.rel1.win32_1.0.0.202411081344/tools/bin/../lib/gcc/arm-none-eabi/13.3.1/thumb/v7e-m+fp/hard/crtbegin.o
                0x08009be4                        PROVIDE (__init_array_end = .)
                0x08009be4                        . = ALIGN (0x4)

.fini_array     0x08009be4        0x4
                0x08009be4                        . = ALIGN (0x4)
                [!provide]                        PROVIDE (__fini_array_start = .)
 *(SORT_BY_NAME(.fini_array.*))
 *(.fini_array*)
 .fini_array    0x08009be4        0x4 C:/ST/STM32CubeIDE_1.17.0/STM32CubeIDE/plugins/com.st.stm32cube.ide.mcu.externaltools.gnu-tools-for-stm32.13.3.rel1.win32_1.0.0.202411081344/tools/bin/../lib/gcc/arm-none-eabi/13.3.1/thumb/v7e-m+fp/hard/crtbegin.o
                [!provide]                        PROVIDE (__fini_array_end = .)
                0x08009be8                        . = ALIGN (0x4)
                0x08009be8                        _sidata = LOADADDR (.data)

.rel.dyn        0x08009be8        0x0
 .rel.iplt      0x08009be8        0x0 C:/ST/STM32CubeIDE_1.17.0/STM32CubeIDE/plugins/com.st.stm32cube.ide.mcu.externaltools.gnu-tools-for-stm32.13.3.rel1.win32_1.0.0.202411081344/tools/bin/../lib/gcc/arm-none-eabi/13.3.1/thumb/v7e-m+fp/hard/crtbegin.o

.data           0x20000000      0x2c4 load address 0x08009be8
                0x20000000                        . = ALIGN (0x4)
                0x20000000                        _sdata = .
 *(.data)
 *(.data*)
 .data.adc_ptr  0x20000000        0x4 ./Core/Src/main.o
                0x20000000                adc_ptr
 .data.g_ui32SchedulerNumTasks
                0x20000004        0x4 ./Core/Src/main.o
                0x20000004                g_ui32SchedulerNumTasks
 .data.g_psSchedulerTable
                0x20000008       0x28 ./Core/Src/main.o
                0x20000008                g_psSchedulerTable
 .data.SystemCoreClock
                0x20000030        0x4 ./Core/Src/system_stm32f4xx.o
                0x20000030                SystemCoreClock
 .data.CFR_user_default
                0x20000034        0x2 ./Source/ADS8327/ads8327.o
 *fill*         0x20000036        0x2 
 .data.ErrorCode
                0x20000038       0x14 ./Source/CMDLine/command.o
                0x20000038                ErrorCode
 .data.g_psCmdTable
                0x2000004c       0xa8 ./Source/CMDLine/command.o
                0x2000004c                g_psCmdTable
 .data.p_USART6_meta
                0x200000f4        0x4 ./Source/UART/UART.o
                0x200000f4                p_USART6_meta
 .data.SchedulerTickPerSecond
                0x200000f8        0x4 ./Source/scheduler/scheduler.o
 .data.__sglue  0x200000fc        0xc C:/ST/STM32CubeIDE_1.17.0/STM32CubeIDE/plugins/com.st.stm32cube.ide.mcu.externaltools.gnu-tools-for-stm32.13.3.rel1.win32_1.0.0.202411081344/tools/bin/../lib/gcc/arm-none-eabi/13.3.1/../../../../arm-none-eabi/lib/thumb/v7e-m+fp/hard\libc_nano.a(libc_a-findfp.o)
                0x200000fc                __sglue
 .data.__global_locale
                0x20000108      0x16c C:/ST/STM32CubeIDE_1.17.0/STM32CubeIDE/plugins/com.st.stm32cube.ide.mcu.externaltools.gnu-tools-for-stm32.13.3.rel1.win32_1.0.0.202411081344/tools/bin/../lib/gcc/arm-none-eabi/13.3.1/../../../../arm-none-eabi/lib/thumb/v7e-m+fp/hard\libc_nano.a(libc_a-locale.o)
                0x20000108                __global_locale
 .data._impure_ptr
                0x20000274        0x4 C:/ST/STM32CubeIDE_1.17.0/STM32CubeIDE/plugins/com.st.stm32cube.ide.mcu.externaltools.gnu-tools-for-stm32.13.3.rel1.win32_1.0.0.202411081344/tools/bin/../lib/gcc/arm-none-eabi/13.3.1/../../../../arm-none-eabi/lib/thumb/v7e-m+fp/hard\libc_nano.a(libc_a-impure.o)
                0x20000274                _impure_ptr
 .data._impure_data
                0x20000278       0x4c C:/ST/STM32CubeIDE_1.17.0/STM32CubeIDE/plugins/com.st.stm32cube.ide.mcu.externaltools.gnu-tools-for-stm32.13.3.rel1.win32_1.0.0.202411081344/tools/bin/../lib/gcc/arm-none-eabi/13.3.1/../../../../arm-none-eabi/lib/thumb/v7e-m+fp/hard\libc_nano.a(libc_a-impure.o)
                0x20000278                _impure_data
 *(.RamFunc)
 *(.RamFunc*)
                0x200002c4                        . = ALIGN (0x4)
                0x200002c4                        _edata = .
                0x08009eac                        _siccmram = LOADADDR (.ccmram)

.igot.plt       0x200002c4        0x0 load address 0x08009eac
 .igot.plt      0x200002c4        0x0 C:/ST/STM32CubeIDE_1.17.0/STM32CubeIDE/plugins/com.st.stm32cube.ide.mcu.externaltools.gnu-tools-for-stm32.13.3.rel1.win32_1.0.0.202411081344/tools/bin/../lib/gcc/arm-none-eabi/13.3.1/thumb/v7e-m+fp/hard/crtbegin.o

.ccmram         0x10000000        0x0 load address 0x08009eac
                0x10000000                        . = ALIGN (0x4)
                0x10000000                        _sccmram = .
 *(.ccmram)
 *(.ccmram*)
                0x10000000                        . = ALIGN (0x4)
                0x10000000                        _eccmram = .
                0x10000000                        . = ALIGN (0x4)

.bss            0x200002c4    0x18b5c
                0x200002c4                        _sbss = .
                0x200002c4                        __bss_start__ = _sbss
 *(.bss)
 .bss           0x200002c4       0x1c C:/ST/STM32CubeIDE_1.17.0/STM32CubeIDE/plugins/com.st.stm32cube.ide.mcu.externaltools.gnu-tools-for-stm32.13.3.rel1.win32_1.0.0.202411081344/tools/bin/../lib/gcc/arm-none-eabi/13.3.1/thumb/v7e-m+fp/hard/crtbegin.o
 *(.bss*)
 .bss.adc_rec_buf
                0x200002e0    0x186b4 ./Core/Src/main.o
                0x200002e0                adc_rec_buf
 .bss.adc_rec_ind
                0x20018994        0x4 ./Core/Src/main.o