../Drivers/STM32F4xx_HAL_Driver/Inc/stm32f4xx_ll_tim.h:1116:22:LL_TIM_EnableCounter	16	static
../Drivers/STM32F4xx_HAL_Driver/Inc/stm32f4xx_ll_tim.h:1127:22:LL_TIM_DisableCounter	16	static
../Drivers/STM32F4xx_HAL_Driver/Inc/stm32f4xx_ll_tim.h:1369:22:LL_TIM_SetCounter	16	static
../Drivers/STM32F4xx_HAL_Driver/Inc/stm32f4xx_ll_tim.h:1438:22:LL_TIM_SetAutoReload	16	static
../Drivers/STM32F4xx_HAL_Driver/Inc/stm32f4xx_ll_tim.h:3460:22:LL_TIM_EnableIT_UPDATE	16	static
../Drivers/STM32F4xx_HAL_Driver/Inc/stm32f4xx_ll_tim.h:3471:22:LL_TIM_DisableIT_UPDATE	16	static
../Source/CMDLine/command.c:44:6:command_init	8	static
../Source/CMDLine/command.c:60:8:ftoa	56	static
../Source/CMDLine/command.c:123:9:Map	24	static
../Source/CMDLine/command.c:128:13:crc16_CCITT_update	24	static
../Source/CMDLine/command.c:139:13:htoa	48	static
../Source/CMDLine/command.c:149:14:cur_cal	24	static
../Source/CMDLine/command.c:156:6:command_task_update	24	static
../Source/CMDLine/command.c:197:5:Cmd_help	24	static
../Source/CMDLine/command.c:218:5:Cmd_set_laser	32	static
../Source/CMDLine/command.c:277:5:Cmd_get_current	40	static
../Source/CMDLine/command.c:300:5:Cmd_pd_get	24	static
../Source/CMDLine/command.c:320:5:Cmd_sample_set_pd	24	static
../Source/CMDLine/command.c:337:5:Cmd_sample_set_rate	32	static
../Source/CMDLine/command.c:359:5:Cmd_sample_trig	16	static
../Source/CMDLine/command.c:389:5:Cmd_sample_status_get	16	static
../Source/CMDLine/command.c:401:5:Cmd_sample_get	40	static
../Source/CMDLine/command.c:436:5:Cmd_sample_get_char	32	static
../Source/CMDLine/command.c:465:5:Cmd_get_temp	56	static
../Source/CMDLine/command.c:485:5:Cmd_sample_get_buf	32	static
../Source/CMDLine/command.c:517:5:Cmd_sample_get_buf_char	32	static
