../Drivers/STM32F4xx_HAL_Driver/Inc/stm32f4xx_ll_tim.h:1116:22:LL_TIM_EnableCounter	16	static
../Drivers/STM32F4xx_HAL_Driver/Inc/stm32f4xx_ll_tim.h:1127:22:LL_TIM_DisableCounter	16	static
../Drivers/STM32F4xx_HAL_Driver/Inc/stm32f4xx_ll_tim.h:1369:22:LL_TIM_SetCounter	16	static
../Drivers/STM32F4xx_HAL_Driver/Inc/stm32f4xx_ll_tim.h:1438:22:LL_TIM_SetAutoReload	16	static
../Drivers/STM32F4xx_HAL_Driver/Inc/stm32f4xx_ll_tim.h:3460:22:LL_TIM_EnableIT_UPDATE	16	static
../Drivers/STM32F4xx_HAL_Driver/Inc/stm32f4xx_ll_tim.h:3471:22:LL_TIM_DisableIT_UPDATE	16	static
../Source/CMDLine/command.c:36:6:command_init	8	static
../Source/CMDLine/command.c:52:8:ftoa	56	static
../Source/CMDLine/command.c:115:9:Map	24	static
../Source/CMDLine/command.c:120:13:crc16_CCITT_update	24	static
../Source/CMDLine/command.c:131:13:htoa	48	static
../Source/CMDLine/command.c:142:6:command_task_update	24	static
../Source/CMDLine/command.c:188:5:Cmd_help	24	static
../Source/CMDLine/command.c:218:5:Cmd_set_laser	32	static
../Source/CMDLine/command.c:276:14:cur_cal	24	static
../Source/CMDLine/command.c:283:5:Cmd_get_current	40	static
../Source/CMDLine/command.c:306:5:Cmd_pd_get	24	static
../Source/CMDLine/command.c:328:5:Cmd_sample_set	32	static
../Source/CMDLine/command.c:351:5:Cmd_sample_trig	24	static
../Source/CMDLine/command.c:373:5:Cmd_sample_status_get	16	static
../Source/CMDLine/command.c:385:5:Cmd_sample_get	32	static
../Source/CMDLine/command.c:409:5:Cmd_sample_get_char	32	static
